This file contains any messages produced by compilers while
running configure, to aid debugging if configure makes a mistake.

It was created by i3 configure 4.15, which was
generated by GNU Autoconf 2.72.  Invocation command line was

  $ .././configure --srcdir=.. --enable-builddir=aarch64-unknown-linux-android --prefix=/data/data/com.termux/files/home/.local

## --------- ##
## Platform. ##
## --------- ##

hostname = localhost
uname -m = aarch64
uname -r = 4.14.180-perf-g2c687cdb9430
uname -s = Linux
uname -v = #1 SMP PREEMPT Mon May 22 03:06:50 UTC 2023

/usr/bin/uname -p = unknown
/bin/uname -X     = unknown

/bin/arch              = unknown
/usr/bin/arch -k       = unknown
/usr/convex/getsysinfo = unknown
/usr/bin/hostinfo      = unknown
/bin/machine           = unknown
/usr/bin/oslevel       = unknown
/bin/universe          = unknown

PATH: /data/data/com.termux/files/usr/bin/


## ----------- ##
## Core tests. ##
## ----------- ##

configure:2626: looking for aux files: ar-lib compile missing install-sh config.guess config.sub
configure:2639:  trying ../
configure:2668:   ../ar-lib found
configure:2668:   ../compile found
configure:2668:   ../missing found
configure:2650:   ../install-sh found
configure:2668:   ../config.guess found
configure:2668:   ../config.sub found
configure:2788: checking build system type
configure:2804: result: aarch64-unknown-linux-android
configure:2824: checking host system type
configure:2839: result: aarch64-unknown-linux-android
configure:2859: checking target system type
configure:2874: result: aarch64-unknown-linux-android
configure:2965: checking for gsed
configure:3002: result: sed
configure:3030: checking for a BSD-compatible install
configure:3104: result: /data/data/com.termux/files/usr/bin/install -c
configure:3115: checking whether sleep supports fractional seconds
configure:3131: result: yes
configure:3134: checking filesystem timestamp resolution
configure:3269: result: 0.01
configure:3274: checking whether build environment is sane
configure:3319: result: yes
configure:3486: checking for a race-free mkdir -p
configure:3529: result: /data/data/com.termux/files/usr/bin/mkdir -p
configure:3536: checking for gawk
configure:3557: found /data/data/com.termux/files/usr/bin/gawk
configure:3569: result: gawk
configure:3580: checking whether make sets $(MAKE)
configure:3604: result: yes
configure:3630: checking whether make supports nested variables
configure:3649: result: yes
configure:3663: checking xargs -n works
configure:3679: result: yes
configure:3764: checking whether UID '10294' is supported by ustar format
configure:3770: result: yes
configure:3777: checking whether GID '10294' is supported by ustar format
configure:3783: result: yes
configure:3791: checking how to create a ustar tar archive
configure:3802: tar --version
tar (GNU tar) 1.35
Copyright (C) 2023 Free Software Foundation, Inc.
License GPLv3+: GNU GPL version 3 or later <https://gnu.org/licenses/gpl.html>.
This is free software: you are free to change and redistribute it.
There is NO WARRANTY, to the extent permitted by law.

Written by John Gilmore and Jay Fenlason.
configure:3805: $? = 0
configure:3845: tardir=conftest.dir && eval tar --format=ustar -chf - "$tardir" >conftest.tar
configure:3848: $? = 0
configure:3852: tar -xf - <conftest.tar
configure:3855: $? = 0
configure:3857: cat conftest.dir/file
GrepMe
configure:3860: $? = 0
configure:3875: result: gnutar
configure:3909: checking whether to enable maintainer-specific portions of Makefiles
configure:3920: result: yes
configure:3947: checking for gawk
configure:3980: result: gawk
configure:3991: checking for GNU make
configure:4009: result: make
configure:4103: checking for a sed that does not truncate output
configure:4175: result: /data/data/com.termux/files/usr/bin/sed
configure:4195: checking whether to build with code coverage support
configure:4217: result: no
configure:4612: checking whether to enable debugging
configure:4678: result: no
configure:4728: checking whether make supports the include directive
configure:4743: make -f confmf.GNU && cat confinc.out
this is the am__doit target
configure:4746: $? = 0
configure:4765: result: yes (GNU style)
configure:4842: checking for gcc
configure:4863: found /data/data/com.termux/files/usr/bin/gcc
configure:4875: result: gcc
configure:5234: checking for C compiler version
configure:5243: gcc --version >&5
clang version 21.1.8
Target: aarch64-unknown-linux-android24
Thread model: posix
InstalledDir: /data/data/com.termux/files/usr/bin
configure:5254: $? = 0
configure:5243: gcc -v >&5
clang version 21.1.8
Target: aarch64-unknown-linux-android24
Thread model: posix
InstalledDir: /data/data/com.termux/files/usr/bin
configure:5254: $? = 0
configure:5243: gcc -V >&5
gcc: error: argument to '-V' is missing (expected 1 value)
gcc: error: no input files
configure:5254: $? = 1
configure:5243: gcc -qversion >&5
gcc: error: unknown argument '-qversion'; did you mean '--version'?
gcc: error: no input files
configure:5254: $? = 1
configure:5243: gcc -version >&5
gcc: error: unknown argument '-version'; did you mean '--version'?
gcc: error: no input files
configure:5254: $? = 1
configure:5274: checking whether the C compiler works
configure:5296: gcc    conftest.c  >&5
configure:5300: $? = 0
configure:5351: result: yes
configure:5355: checking for C compiler default output file name
configure:5357: result: a.out
configure:5363: checking for suffix of executables
configure:5370: gcc -o conftest    conftest.c  >&5
configure:5374: $? = 0
configure:5398: result: 
configure:5422: checking whether we are cross compiling
configure:5430: gcc -o conftest    conftest.c  >&5
configure:5434: $? = 0
configure:5441: ./conftest
configure:5445: $? = 0
configure:5460: result: no
configure:5466: checking for suffix of object files
configure:5489: gcc -c   conftest.c >&5
configure:5493: $? = 0
configure:5517: result: o
configure:5521: checking whether the compiler supports GNU C
configure:5541: gcc -c   conftest.c >&5
configure:5541: $? = 0
configure:5553: result: yes
configure:5564: checking whether gcc accepts -g
configure:5585: gcc -c -g  conftest.c >&5
configure:5585: $? = 0
configure:5632: result: yes
configure:5652: checking for gcc option to enable C11 features
configure:5667: gcc  -c   conftest.c >&5
configure:5667: $? = 0
configure:5686: result: none needed
configure:5810: checking whether gcc understands -c and -o together
configure:5833: gcc -c conftest.c -o conftest2.o
configure:5836: $? = 0
configure:5833: gcc -c conftest.c -o conftest2.o
configure:5836: $? = 0
configure:5852: result: yes
configure:5871: checking dependency style of gcc
configure:5984: result: gcc3
configure:6007: checking for stdio.h
configure:6007: gcc -c   conftest.c >&5
configure:6007: $? = 0
configure:6007: result: yes
configure:6007: checking for stdlib.h
configure:6007: gcc -c   conftest.c >&5
configure:6007: $? = 0
configure:6007: result: yes
configure:6007: checking for string.h
configure:6007: gcc -c   conftest.c >&5
configure:6007: $? = 0
configure:6007: result: yes
configure:6007: checking for inttypes.h
configure:6007: gcc -c   conftest.c >&5
configure:6007: $? = 0
configure:6007: result: yes
configure:6007: checking for stdint.h
configure:6007: gcc -c   conftest.c >&5
configure:6007: $? = 0
configure:6007: result: yes
configure:6007: checking for strings.h
configure:6007: gcc -c   conftest.c >&5
configure:6007: $? = 0
configure:6007: result: yes
configure:6007: checking for sys/stat.h
configure:6007: gcc -c   conftest.c >&5
configure:6007: $? = 0
configure:6007: result: yes
configure:6007: checking for sys/types.h
configure:6007: gcc -c   conftest.c >&5
configure:6007: $? = 0
configure:6007: result: yes
configure:6007: checking for unistd.h
configure:6007: gcc -c   conftest.c >&5
configure:6007: $? = 0
configure:6007: result: yes
configure:6007: checking for wchar.h
configure:6007: gcc -c   conftest.c >&5
configure:6007: $? = 0
configure:6007: result: yes
configure:6007: checking for minix/config.h
configure:6007: gcc -c   conftest.c >&5
conftest.c:54:10: fatal error: 'minix/config.h' file not found
   54 | #include <minix/config.h>
      |          ^~~~~~~~~~~~~~~~
1 error generated.
configure:6007: $? = 1
configure: failed program was:
| /* confdefs.h */
| #define PACKAGE_NAME "i3"
| #define PACKAGE_TARNAME "i3"
| #define PACKAGE_VERSION "4.15"
| #define PACKAGE_STRING "i3 4.15"
| #define PACKAGE_BUGREPORT "https://github.com/i3/i3/issues"
| #define PACKAGE_URL ""
| #define PACKAGE "i3"
| #define VERSION "4.15"
| #define I3_VERSION "4.15 (2018-03-10, branch \"tags/4.15\")"
| #define MAJOR_VERSION 4
| #define MINOR_VERSION 15
| #define PATCH_VERSION 0
| #define UNUSED_NDEBUG /**/
| #define HAVE_STDIO_H 1
| #define HAVE_STDLIB_H 1
| #define HAVE_STRING_H 1
| #define HAVE_INTTYPES_H 1
| #define HAVE_STDINT_H 1
| #define HAVE_STRINGS_H 1
| #define HAVE_SYS_STAT_H 1
| #define HAVE_SYS_TYPES_H 1
| #define HAVE_UNISTD_H 1
| #define HAVE_WCHAR_H 1
| /* end confdefs.h.  */
| #include <stddef.h>
| #ifdef HAVE_STDIO_H
| # include <stdio.h>
| #endif
| #ifdef HAVE_STDLIB_H
| # include <stdlib.h>
| #endif
| #ifdef HAVE_STRING_H
| # include <string.h>
| #endif
| #ifdef HAVE_INTTYPES_H
| # include <inttypes.h>
| #endif
| #ifdef HAVE_STDINT_H
| # include <stdint.h>
| #endif
| #ifdef HAVE_STRINGS_H
| # include <strings.h>
| #endif
| #ifdef HAVE_SYS_TYPES_H
| # include <sys/types.h>
| #endif
| #ifdef HAVE_SYS_STAT_H
| # include <sys/stat.h>
| #endif
| #ifdef HAVE_UNISTD_H
| # include <unistd.h>
| #endif
| #include <minix/config.h>
configure:6007: result: no
configure:6007: checking for vfork.h
configure:6007: gcc -c   conftest.c >&5
conftest.c:54:10: fatal error: 'vfork.h' file not found
   54 | #include <vfork.h>
      |          ^~~~~~~~~
1 error generated.
configure:6007: $? = 1
configure: failed program was:
| /* confdefs.h */
| #define PACKAGE_NAME "i3"
| #define PACKAGE_TARNAME "i3"
| #define PACKAGE_VERSION "4.15"
| #define PACKAGE_STRING "i3 4.15"
| #define PACKAGE_BUGREPORT "https://github.com/i3/i3/issues"
| #define PACKAGE_URL ""
| #define PACKAGE "i3"
| #define VERSION "4.15"
| #define I3_VERSION "4.15 (2018-03-10, branch \"tags/4.15\")"
| #define MAJOR_VERSION 4
| #define MINOR_VERSION 15
| #define PATCH_VERSION 0
| #define UNUSED_NDEBUG /**/
| #define HAVE_STDIO_H 1
| #define HAVE_STDLIB_H 1
| #define HAVE_STRING_H 1
| #define HAVE_INTTYPES_H 1
| #define HAVE_STDINT_H 1
| #define HAVE_STRINGS_H 1
| #define HAVE_SYS_STAT_H 1
| #define HAVE_SYS_TYPES_H 1
| #define HAVE_UNISTD_H 1
| #define HAVE_WCHAR_H 1
| /* end confdefs.h.  */
| #include <stddef.h>
| #ifdef HAVE_STDIO_H
| # include <stdio.h>
| #endif
| #ifdef HAVE_STDLIB_H
| # include <stdlib.h>
| #endif
| #ifdef HAVE_STRING_H
| # include <string.h>
| #endif
| #ifdef HAVE_INTTYPES_H
| # include <inttypes.h>
| #endif
| #ifdef HAVE_STDINT_H
| # include <stdint.h>
| #endif
| #ifdef HAVE_STRINGS_H
| # include <strings.h>
| #endif
| #ifdef HAVE_SYS_TYPES_H
| # include <sys/types.h>
| #endif
| #ifdef HAVE_SYS_STAT_H
| # include <sys/stat.h>
| #endif
| #ifdef HAVE_UNISTD_H
| # include <unistd.h>
| #endif
| #include <vfork.h>
configure:6007: result: no
configure:6038: checking whether it is safe to define __EXTENSIONS__
configure:6057: gcc -c   conftest.c >&5
configure:6057: $? = 0
configure:6067: result: yes
configure:6070: checking whether _XOPEN_SOURCE should be defined
configure:6092: gcc -c   conftest.c >&5
configure:6092: $? = 0
configure:6121: result: no
configure:6182: checking for _Bool
configure:6182: gcc -c   conftest.c >&5
configure:6182: $? = 0
configure:6182: gcc -c   conftest.c >&5
conftest.c:75:20: error: expected expression
   75 | if (sizeof ((_Bool)))
      |                    ^
1 error generated.
configure:6182: $? = 1
configure: failed program was:
| /* confdefs.h */
| #define PACKAGE_NAME "i3"
| #define PACKAGE_TARNAME "i3"
| #define PACKAGE_VERSION "4.15"
| #define PACKAGE_STRING "i3 4.15"
| #define PACKAGE_BUGREPORT "https://github.com/i3/i3/issues"
| #define PACKAGE_URL ""
| #define PACKAGE "i3"
| #define VERSION "4.15"
| #define I3_VERSION "4.15 (2018-03-10, branch \"tags/4.15\")"
| #define MAJOR_VERSION 4
| #define MINOR_VERSION 15
| #define PATCH_VERSION 0
| #define UNUSED_NDEBUG /**/
| #define HAVE_STDIO_H 1
| #define HAVE_STDLIB_H 1
| #define HAVE_STRING_H 1
| #define HAVE_INTTYPES_H 1
| #define HAVE_STDINT_H 1
| #define HAVE_STRINGS_H 1
| #define HAVE_SYS_STAT_H 1
| #define HAVE_SYS_TYPES_H 1
| #define HAVE_UNISTD_H 1
| #define HAVE_WCHAR_H 1
| #define STDC_HEADERS 1
| #define _ALL_SOURCE 1
| #define _DARWIN_C_SOURCE 1
| #define _GNU_SOURCE 1
| #define _HPUX_ALT_XOPEN_SOCKET_API 1
| #define _NETBSD_SOURCE 1
| #define _OPENBSD_SOURCE 1
| #define _POSIX_PTHREAD_SEMANTICS 1
| #define __STDC_WANT_IEC_60559_ATTRIBS_EXT__ 1
| #define __STDC_WANT_IEC_60559_BFP_EXT__ 1
| #define __STDC_WANT_IEC_60559_DFP_EXT__ 1
| #define __STDC_WANT_IEC_60559_EXT__ 1
| #define __STDC_WANT_IEC_60559_FUNCS_EXT__ 1
| #define __STDC_WANT_IEC_60559_TYPES_EXT__ 1
| #define __STDC_WANT_LIB_EXT2__ 1
| #define __STDC_WANT_MATH_SPEC_FUNCS__ 1
| #define _TANDEM_SOURCE 1
| #define __EXTENSIONS__ 1
| /* end confdefs.h.  */
| #include <stddef.h>
| #ifdef HAVE_STDIO_H
| # include <stdio.h>
| #endif
| #ifdef HAVE_STDLIB_H
| # include <stdlib.h>
| #endif
| #ifdef HAVE_STRING_H
| # include <string.h>
| #endif
| #ifdef HAVE_INTTYPES_H
| # include <inttypes.h>
| #endif
| #ifdef HAVE_STDINT_H
| # include <stdint.h>
| #endif
| #ifdef HAVE_STRINGS_H
| # include <strings.h>
| #endif
| #ifdef HAVE_SYS_TYPES_H
| # include <sys/types.h>
| #endif
| #ifdef HAVE_SYS_STAT_H
| # include <sys/stat.h>
| #endif
| #ifdef HAVE_UNISTD_H
| # include <unistd.h>
| #endif
| int
| main (void)
| {
| if (sizeof ((_Bool)))
| 	    return 0;
|   ;
|   return 0;
| }
configure:6182: result: yes
configure:6191: checking for stdbool.h that conforms to C99 or later
configure:6266: gcc -c   conftest.c >&5
conftest.c:99:25: warning: address of 's' will always evaluate to 'true' [-Wpointer-bool-conversion]
   99 |              bool ps = &s;
      |                   ~~    ^
conftest.c:106:40: warning: address of array 'o' will always evaluate to 'true' [-Wpointer-bool-conversion]
  106 |                      + !l + !m + !n + !o + !p + !pp + !ps);
      |                                       ~^
conftest.c:106:35: warning: address of array 'n' will always evaluate to 'true' [-Wpointer-bool-conversion]
  106 |                      + !l + !m + !n + !o + !p + !pp + !ps);
      |                                  ~^
conftest.c:106:30: warning: address of array 'm' will always evaluate to 'true' [-Wpointer-bool-conversion]
  106 |                      + !l + !m + !n + !o + !p + !pp + !ps);
      |                             ~^
conftest.c:106:25: warning: address of array 'l' will always evaluate to 'true' [-Wpointer-bool-conversion]
  106 |                      + !l + !m + !n + !o + !p + !pp + !ps);
      |                        ~^
conftest.c:105:68: warning: address of array 'k' will always evaluate to 'true' [-Wpointer-bool-conversion]
  105 |              return (!b + !c + !d + !e + !f + !g + !h + !i + !j + !k
      |                                                                   ~^
conftest.c:105:63: warning: address of array 'j' will always evaluate to 'true' [-Wpointer-bool-conversion]
  105 |              return (!b + !c + !d + !e + !f + !g + !h + !i + !j + !k
      |                                                              ~^
conftest.c:105:58: warning: address of array 'i' will always evaluate to 'true' [-Wpointer-bool-conversion]
  105 |              return (!b + !c + !d + !e + !f + !g + !h + !i + !j + !k
      |                                                         ~^
conftest.c:105:33: warning: address of array 'd' will always evaluate to 'true' [-Wpointer-bool-conversion]
  105 |              return (!b + !c + !d + !e + !f + !g + !h + !i + !j + !k
      |                                ~^
conftest.c:105:28: warning: address of array 'c' will always evaluate to 'true' [-Wpointer-bool-conversion]
  105 |              return (!b + !c + !d + !e + !f + !g + !h + !i + !j + !k
      |                           ~^
conftest.c:105:23: warning: address of array 'b' will always evaluate to 'true' [-Wpointer-bool-conversion]
  105 |              return (!b + !c + !d + !e + !f + !g + !h + !i + !j + !k
      |                      ~^
11 warnings generated.
configure:6266: $? = 0
configure:6276: result: yes
configure:6279: checking for mode_t
configure:6279: gcc -c   conftest.c >&5
configure:6279: $? = 0
configure:6279: gcc -c   conftest.c >&5
conftest.c:76:21: error: expected expression
   76 | if (sizeof ((mode_t)))
      |                     ^
1 error generated.
configure:6279: $? = 1
configure: failed program was:
| /* confdefs.h */
| #define PACKAGE_NAME "i3"
| #define PACKAGE_TARNAME "i3"
| #define PACKAGE_VERSION "4.15"
| #define PACKAGE_STRING "i3 4.15"
| #define PACKAGE_BUGREPORT "https://github.com/i3/i3/issues"
| #define PACKAGE_URL ""
| #define PACKAGE "i3"
| #define VERSION "4.15"
| #define I3_VERSION "4.15 (2018-03-10, branch \"tags/4.15\")"
| #define MAJOR_VERSION 4
| #define MINOR_VERSION 15
| #define PATCH_VERSION 0
| #define UNUSED_NDEBUG /**/
| #define HAVE_STDIO_H 1
| #define HAVE_STDLIB_H 1
| #define HAVE_STRING_H 1
| #define HAVE_INTTYPES_H 1
| #define HAVE_STDINT_H 1
| #define HAVE_STRINGS_H 1
| #define HAVE_SYS_STAT_H 1
| #define HAVE_SYS_TYPES_H 1
| #define HAVE_UNISTD_H 1
| #define HAVE_WCHAR_H 1
| #define STDC_HEADERS 1
| #define _ALL_SOURCE 1
| #define _DARWIN_C_SOURCE 1
| #define _GNU_SOURCE 1
| #define _HPUX_ALT_XOPEN_SOCKET_API 1
| #define _NETBSD_SOURCE 1
| #define _OPENBSD_SOURCE 1
| #define _POSIX_PTHREAD_SEMANTICS 1
| #define __STDC_WANT_IEC_60559_ATTRIBS_EXT__ 1
| #define __STDC_WANT_IEC_60559_BFP_EXT__ 1
| #define __STDC_WANT_IEC_60559_DFP_EXT__ 1
| #define __STDC_WANT_IEC_60559_EXT__ 1
| #define __STDC_WANT_IEC_60559_FUNCS_EXT__ 1
| #define __STDC_WANT_IEC_60559_TYPES_EXT__ 1
| #define __STDC_WANT_LIB_EXT2__ 1
| #define __STDC_WANT_MATH_SPEC_FUNCS__ 1
| #define _TANDEM_SOURCE 1
| #define __EXTENSIONS__ 1
| #define HAVE__BOOL 1
| /* end confdefs.h.  */
| #include <stddef.h>
| #ifdef HAVE_STDIO_H
| # include <stdio.h>
| #endif
| #ifdef HAVE_STDLIB_H
| # include <stdlib.h>
| #endif
| #ifdef HAVE_STRING_H
| # include <string.h>
| #endif
| #ifdef HAVE_INTTYPES_H
| # include <inttypes.h>
| #endif
| #ifdef HAVE_STDINT_H
| # include <stdint.h>
| #endif
| #ifdef HAVE_STRINGS_H
| # include <strings.h>
| #endif
| #ifdef HAVE_SYS_TYPES_H
| # include <sys/types.h>
| #endif
| #ifdef HAVE_SYS_STAT_H
| # include <sys/stat.h>
| #endif
| #ifdef HAVE_UNISTD_H
| # include <unistd.h>
| #endif
| int
| main (void)
| {
| if (sizeof ((mode_t)))
| 	    return 0;
|   ;
|   return 0;
| }
configure:6279: result: yes
configure:6293: checking for off_t
configure:6293: gcc -c   conftest.c >&5
configure:6293: $? = 0
configure:6293: gcc -c   conftest.c >&5
conftest.c:77:20: error: expected expression
   77 | if (sizeof ((off_t)))
      |                    ^
1 error generated.
configure:6293: $? = 1
configure: failed program was:
| /* confdefs.h */
| #define PACKAGE_NAME "i3"
| #define PACKAGE_TARNAME "i3"
| #define PACKAGE_VERSION "4.15"
| #define PACKAGE_STRING "i3 4.15"
| #define PACKAGE_BUGREPORT "https://github.com/i3/i3/issues"
| #define PACKAGE_URL ""
| #define PACKAGE "i3"
| #define VERSION "4.15"
| #define I3_VERSION "4.15 (2018-03-10, branch \"tags/4.15\")"
| #define MAJOR_VERSION 4
| #define MINOR_VERSION 15
| #define PATCH_VERSION 0
| #define UNUSED_NDEBUG /**/
| #define HAVE_STDIO_H 1
| #define HAVE_STDLIB_H 1
| #define HAVE_STRING_H 1
| #define HAVE_INTTYPES_H 1
| #define HAVE_STDINT_H 1
| #define HAVE_STRINGS_H 1
| #define HAVE_SYS_STAT_H 1
| #define HAVE_SYS_TYPES_H 1
| #define HAVE_UNISTD_H 1
| #define HAVE_WCHAR_H 1
| #define STDC_HEADERS 1
| #define _ALL_SOURCE 1
| #define _DARWIN_C_SOURCE 1
| #define _GNU_SOURCE 1
| #define _HPUX_ALT_XOPEN_SOCKET_API 1
| #define _NETBSD_SOURCE 1
| #define _OPENBSD_SOURCE 1
| #define _POSIX_PTHREAD_SEMANTICS 1
| #define __STDC_WANT_IEC_60559_ATTRIBS_EXT__ 1
| #define __STDC_WANT_IEC_60559_BFP_EXT__ 1
| #define __STDC_WANT_IEC_60559_DFP_EXT__ 1
| #define __STDC_WANT_IEC_60559_EXT__ 1
| #define __STDC_WANT_IEC_60559_FUNCS_EXT__ 1
| #define __STDC_WANT_IEC_60559_TYPES_EXT__ 1
| #define __STDC_WANT_LIB_EXT2__ 1
| #define __STDC_WANT_MATH_SPEC_FUNCS__ 1
| #define _TANDEM_SOURCE 1
| #define __EXTENSIONS__ 1
| #define HAVE__BOOL 1
| #define HAVE_MODE_T 1
| /* end confdefs.h.  */
| #include <stddef.h>
| #ifdef HAVE_STDIO_H
| # include <stdio.h>
| #endif
| #ifdef HAVE_STDLIB_H
| # include <stdlib.h>
| #endif
| #ifdef HAVE_STRING_H
| # include <string.h>
| #endif
| #ifdef HAVE_INTTYPES_H
| # include <inttypes.h>
| #endif
| #ifdef HAVE_STDINT_H
| # include <stdint.h>
| #endif
| #ifdef HAVE_STRINGS_H
| # include <strings.h>
| #endif
| #ifdef HAVE_SYS_TYPES_H
| # include <sys/types.h>
| #endif
| #ifdef HAVE_SYS_STAT_H
| # include <sys/stat.h>
| #endif
| #ifdef HAVE_UNISTD_H
| # include <unistd.h>
| #endif
| int
| main (void)
| {
| if (sizeof ((off_t)))
| 	    return 0;
|   ;
|   return 0;
| }
configure:6293: result: yes
configure:6307: checking for pid_t
configure:6307: gcc -c   conftest.c >&5
configure:6307: $? = 0
configure:6307: gcc -c   conftest.c >&5
conftest.c:78:20: error: expected expression
   78 | if (sizeof ((pid_t)))
      |                    ^
1 error generated.
configure:6307: $? = 1
configure: failed program was:
| /* confdefs.h */
| #define PACKAGE_NAME "i3"
| #define PACKAGE_TARNAME "i3"
| #define PACKAGE_VERSION "4.15"
| #define PACKAGE_STRING "i3 4.15"
| #define PACKAGE_BUGREPORT "https://github.com/i3/i3/issues"
| #define PACKAGE_URL ""
| #define PACKAGE "i3"
| #define VERSION "4.15"
| #define I3_VERSION "4.15 (2018-03-10, branch \"tags/4.15\")"
| #define MAJOR_VERSION 4
| #define MINOR_VERSION 15
| #define PATCH_VERSION 0
| #define UNUSED_NDEBUG /**/
| #define HAVE_STDIO_H 1
| #define HAVE_STDLIB_H 1
| #define HAVE_STRING_H 1
| #define HAVE_INTTYPES_H 1
| #define HAVE_STDINT_H 1
| #define HAVE_STRINGS_H 1
| #define HAVE_SYS_STAT_H 1
| #define HAVE_SYS_TYPES_H 1
| #define HAVE_UNISTD_H 1
| #define HAVE_WCHAR_H 1
| #define STDC_HEADERS 1
| #define _ALL_SOURCE 1
| #define _DARWIN_C_SOURCE 1
| #define _GNU_SOURCE 1
| #define _HPUX_ALT_XOPEN_SOCKET_API 1
| #define _NETBSD_SOURCE 1
| #define _OPENBSD_SOURCE 1
| #define _POSIX_PTHREAD_SEMANTICS 1
| #define __STDC_WANT_IEC_60559_ATTRIBS_EXT__ 1
| #define __STDC_WANT_IEC_60559_BFP_EXT__ 1
| #define __STDC_WANT_IEC_60559_DFP_EXT__ 1
| #define __STDC_WANT_IEC_60559_EXT__ 1
| #define __STDC_WANT_IEC_60559_FUNCS_EXT__ 1
| #define __STDC_WANT_IEC_60559_TYPES_EXT__ 1
| #define __STDC_WANT_LIB_EXT2__ 1
| #define __STDC_WANT_MATH_SPEC_FUNCS__ 1
| #define _TANDEM_SOURCE 1
| #define __EXTENSIONS__ 1
| #define HAVE__BOOL 1
| #define HAVE_MODE_T 1
| #define HAVE_OFF_T 1
| /* end confdefs.h.  */
| #include <stddef.h>
| #ifdef HAVE_STDIO_H
| # include <stdio.h>
| #endif
| #ifdef HAVE_STDLIB_H
| # include <stdlib.h>
| #endif
| #ifdef HAVE_STRING_H
| # include <string.h>
| #endif
| #ifdef HAVE_INTTYPES_H
| # include <inttypes.h>
| #endif
| #ifdef HAVE_STDINT_H
| # include <stdint.h>
| #endif
| #ifdef HAVE_STRINGS_H
| # include <strings.h>
| #endif
| #ifdef HAVE_SYS_TYPES_H
| # include <sys/types.h>
| #endif
| #ifdef HAVE_SYS_STAT_H
| # include <sys/stat.h>
| #endif
| #ifdef HAVE_UNISTD_H
| # include <unistd.h>
| #endif
| int
| main (void)
| {
| if (sizeof ((pid_t)))
| 	    return 0;
|   ;
|   return 0;
| }
configure:6307: result: yes
configure:6321: checking for size_t
configure:6321: gcc -c   conftest.c >&5
configure:6321: $? = 0
configure:6321: gcc -c   conftest.c >&5
conftest.c:79:21: error: expected expression
   79 | if (sizeof ((size_t)))
      |                     ^
1 error generated.
configure:6321: $? = 1
configure: failed program was:
| /* confdefs.h */
| #define PACKAGE_NAME "i3"
| #define PACKAGE_TARNAME "i3"
| #define PACKAGE_VERSION "4.15"
| #define PACKAGE_STRING "i3 4.15"
| #define PACKAGE_BUGREPORT "https://github.com/i3/i3/issues"
| #define PACKAGE_URL ""
| #define PACKAGE "i3"
| #define VERSION "4.15"
| #define I3_VERSION "4.15 (2018-03-10, branch \"tags/4.15\")"
| #define MAJOR_VERSION 4
| #define MINOR_VERSION 15
| #define PATCH_VERSION 0
| #define UNUSED_NDEBUG /**/
| #define HAVE_STDIO_H 1
| #define HAVE_STDLIB_H 1
| #define HAVE_STRING_H 1
| #define HAVE_INTTYPES_H 1
| #define HAVE_STDINT_H 1
| #define HAVE_STRINGS_H 1
| #define HAVE_SYS_STAT_H 1
| #define HAVE_SYS_TYPES_H 1
| #define HAVE_UNISTD_H 1
| #define HAVE_WCHAR_H 1
| #define STDC_HEADERS 1
| #define _ALL_SOURCE 1
| #define _DARWIN_C_SOURCE 1
| #define _GNU_SOURCE 1
| #define _HPUX_ALT_XOPEN_SOCKET_API 1
| #define _NETBSD_SOURCE 1
| #define _OPENBSD_SOURCE 1
| #define _POSIX_PTHREAD_SEMANTICS 1
| #define __STDC_WANT_IEC_60559_ATTRIBS_EXT__ 1
| #define __STDC_WANT_IEC_60559_BFP_EXT__ 1
| #define __STDC_WANT_IEC_60559_DFP_EXT__ 1
| #define __STDC_WANT_IEC_60559_EXT__ 1
| #define __STDC_WANT_IEC_60559_FUNCS_EXT__ 1
| #define __STDC_WANT_IEC_60559_TYPES_EXT__ 1
| #define __STDC_WANT_LIB_EXT2__ 1
| #define __STDC_WANT_MATH_SPEC_FUNCS__ 1
| #define _TANDEM_SOURCE 1
| #define __EXTENSIONS__ 1
| #define HAVE__BOOL 1
| #define HAVE_MODE_T 1
| #define HAVE_OFF_T 1
| #define HAVE_PID_T 1
| /* end confdefs.h.  */
| #include <stddef.h>
| #ifdef HAVE_STDIO_H
| # include <stdio.h>
| #endif
| #ifdef HAVE_STDLIB_H
| # include <stdlib.h>
| #endif
| #ifdef HAVE_STRING_H
| # include <string.h>
| #endif
| #ifdef HAVE_INTTYPES_H
| # include <inttypes.h>
| #endif
| #ifdef HAVE_STDINT_H
| # include <stdint.h>
| #endif
| #ifdef HAVE_STRINGS_H
| # include <strings.h>
| #endif
| #ifdef HAVE_SYS_TYPES_H
| # include <sys/types.h>
| #endif
| #ifdef HAVE_SYS_STAT_H
| # include <sys/stat.h>
| #endif
| #ifdef HAVE_UNISTD_H
| # include <unistd.h>
| #endif
| int
| main (void)
| {
| if (sizeof ((size_t)))
| 	    return 0;
|   ;
|   return 0;
| }
configure:6321: result: yes
configure:6335: checking for ssize_t
configure:6335: gcc -c   conftest.c >&5
configure:6335: $? = 0
configure:6335: gcc -c   conftest.c >&5
conftest.c:80:22: error: expected expression
   80 | if (sizeof ((ssize_t)))
      |                      ^
1 error generated.
configure:6335: $? = 1
configure: failed program was:
| /* confdefs.h */
| #define PACKAGE_NAME "i3"
| #define PACKAGE_TARNAME "i3"
| #define PACKAGE_VERSION "4.15"
| #define PACKAGE_STRING "i3 4.15"
| #define PACKAGE_BUGREPORT "https://github.com/i3/i3/issues"
| #define PACKAGE_URL ""
| #define PACKAGE "i3"
| #define VERSION "4.15"
| #define I3_VERSION "4.15 (2018-03-10, branch \"tags/4.15\")"
| #define MAJOR_VERSION 4
| #define MINOR_VERSION 15
| #define PATCH_VERSION 0
| #define UNUSED_NDEBUG /**/
| #define HAVE_STDIO_H 1
| #define HAVE_STDLIB_H 1
| #define HAVE_STRING_H 1
| #define HAVE_INTTYPES_H 1
| #define HAVE_STDINT_H 1
| #define HAVE_STRINGS_H 1
| #define HAVE_SYS_STAT_H 1
| #define HAVE_SYS_TYPES_H 1
| #define HAVE_UNISTD_H 1
| #define HAVE_WCHAR_H 1
| #define STDC_HEADERS 1
| #define _ALL_SOURCE 1
| #define _DARWIN_C_SOURCE 1
| #define _GNU_SOURCE 1
| #define _HPUX_ALT_XOPEN_SOCKET_API 1
| #define _NETBSD_SOURCE 1
| #define _OPENBSD_SOURCE 1
| #define _POSIX_PTHREAD_SEMANTICS 1
| #define __STDC_WANT_IEC_60559_ATTRIBS_EXT__ 1
| #define __STDC_WANT_IEC_60559_BFP_EXT__ 1
| #define __STDC_WANT_IEC_60559_DFP_EXT__ 1
| #define __STDC_WANT_IEC_60559_EXT__ 1
| #define __STDC_WANT_IEC_60559_FUNCS_EXT__ 1
| #define __STDC_WANT_IEC_60559_TYPES_EXT__ 1
| #define __STDC_WANT_LIB_EXT2__ 1
| #define __STDC_WANT_MATH_SPEC_FUNCS__ 1
| #define _TANDEM_SOURCE 1
| #define __EXTENSIONS__ 1
| #define HAVE__BOOL 1
| #define HAVE_MODE_T 1
| #define HAVE_OFF_T 1
| #define HAVE_PID_T 1
| #define HAVE_SIZE_T 1
| /* end confdefs.h.  */
| #include <stddef.h>
| #ifdef HAVE_STDIO_H
| # include <stdio.h>
| #endif
| #ifdef HAVE_STDLIB_H
| # include <stdlib.h>
| #endif
| #ifdef HAVE_STRING_H
| # include <string.h>
| #endif
| #ifdef HAVE_INTTYPES_H
| # include <inttypes.h>
| #endif
| #ifdef HAVE_STDINT_H
| # include <stdint.h>
| #endif
| #ifdef HAVE_STRINGS_H
| # include <strings.h>
| #endif
| #ifdef HAVE_SYS_TYPES_H
| # include <sys/types.h>
| #endif
| #ifdef HAVE_SYS_STAT_H
| # include <sys/stat.h>
| #endif
| #ifdef HAVE_UNISTD_H
| # include <unistd.h>
| #endif
| int
| main (void)
| {
| if (sizeof ((ssize_t)))
| 	    return 0;
|   ;
|   return 0;
| }
configure:6335: result: yes
configure:6353: checking for pid_t
configure:6353: result: yes
configure:6396: checking for fork
configure:6396: gcc -o conftest    conftest.c  >&5
configure:6396: $? = 0
configure:6396: result: yes
configure:6396: checking for vfork
configure:6396: gcc -o conftest    conftest.c  >&5
conftest.c:67:6: warning: incompatible redeclaration of library function 'vfork' [-Wincompatible-library-redeclaration]
   67 | char vfork (void);
      |      ^
conftest.c:67:6: note: 'vfork' is a builtin with type 'int (void)'
1 warning generated.
configure:6396: $? = 0
configure:6396: result: yes
configure:6409: checking for working fork
configure:6433: gcc -o conftest    conftest.c  >&5
configure:6433: $? = 0
configure:6433: ./conftest
configure:6433: $? = 0
configure:6447: result: yes
configure:6468: checking for working vfork
configure:6600: result: yes
configure:6625: checking whether lstat correctly handles trailing slash
configure:6658: gcc -o conftest    conftest.c  >&5
configure:6658: $? = 0
configure:6658: ./conftest
configure:6658: $? = 0
configure:6679: result: yes
configure:6696: checking for working strnlen
configure:6736: gcc -o conftest    conftest.c  >&5
configure:6736: $? = 0
configure:6736: ./conftest
configure:6736: $? = 0
configure:6750: result: yes
configure:6763: checking for atexit
configure:6763: gcc -o conftest    conftest.c  >&5
configure:6763: $? = 0
configure:6763: result: yes
configure:6763: checking for dup2
configure:6763: gcc -o conftest    conftest.c  >&5
configure:6763: $? = 0
configure:6763: result: yes
configure:6763: checking for ftruncate
configure:6763: gcc -o conftest    conftest.c  >&5
configure:6763: $? = 0
configure:6763: result: yes
configure:6763: checking for getcwd
configure:6763: gcc -o conftest    conftest.c  >&5
configure:6763: $? = 0
configure:6763: result: yes
configure:6763: checking for gettimeofday
configure:6763: gcc -o conftest    conftest.c  >&5
configure:6763: $? = 0
configure:6763: result: yes
configure:6763: checking for localtime_r
configure:6763: gcc -o conftest    conftest.c  >&5
configure:6763: $? = 0
configure:6763: result: yes
configure:6763: checking for memchr
configure:6763: gcc -o conftest    conftest.c  >&5
conftest.c:77:6: warning: incompatible redeclaration of library function 'memchr' [-Wincompatible-library-redeclaration]
   77 | char memchr (void);
      |      ^
conftest.c:77:6: note: 'memchr' is a builtin with type 'void *(const void *, int, unsigned long)'
1 warning generated.
configure:6763: $? = 0
configure:6763: result: yes
configure:6763: checking for memset
configure:6763: gcc -o conftest    conftest.c  >&5
conftest.c:78:6: warning: incompatible redeclaration of library function 'memset' [-Wincompatible-library-redeclaration]
   78 | char memset (void);
      |      ^
conftest.c:78:6: note: 'memset' is a builtin with type 'void *(void *, int, unsigned long)'
1 warning generated.
configure:6763: $? = 0
configure:6763: result: yes
configure:6763: checking for mkdir
configure:6763: gcc -o conftest    conftest.c  >&5
configure:6763: $? = 0
configure:6763: result: yes
configure:6763: checking for rmdir
configure:6763: gcc -o conftest    conftest.c  >&5
configure:6763: $? = 0
configure:6763: result: yes
configure:6763: checking for setlocale
configure:6763: gcc -o conftest    conftest.c  >&5
configure:6763: $? = 0
configure:6763: result: yes
configure:6763: checking for socket
configure:6763: gcc -o conftest    conftest.c  >&5
configure:6763: $? = 0
configure:6763: result: yes
configure:6763: checking for strcasecmp
configure:6763: gcc -o conftest    conftest.c  >&5
conftest.c:83:6: warning: incompatible redeclaration of library function 'strcasecmp' [-Wincompatible-library-redeclaration]
   83 | char strcasecmp (void);
      |      ^
conftest.c:83:6: note: 'strcasecmp' is a builtin with type 'int (const char *, const char *)'
1 warning generated.
configure:6763: $? = 0
configure:6763: result: yes
configure:6763: checking for strchr
configure:6763: gcc -o conftest    conftest.c  >&5
conftest.c:84:6: warning: incompatible redeclaration of library function 'strchr' [-Wincompatible-library-redeclaration]
   84 | char strchr (void);
      |      ^
conftest.c:84:6: note: 'strchr' is a builtin with type 'char *(const char *, int)'
1 warning generated.
configure:6763: $? = 0
configure:6763: result: yes
configure:6763: checking for strdup
configure:6763: gcc -o conftest    conftest.c  >&5
conftest.c:85:6: warning: incompatible redeclaration of library function 'strdup' [-Wincompatible-library-redeclaration]
   85 | char strdup (void);
      |      ^
conftest.c:85:6: note: 'strdup' is a builtin with type 'char *(const char *)'
1 warning generated.
configure:6763: $? = 0
configure:6763: result: yes
configure:6763: checking for strerror
configure:6763: gcc -o conftest    conftest.c  >&5
conftest.c:86:6: warning: incompatible redeclaration of library function 'strerror' [-Wincompatible-library-redeclaration]
   86 | char strerror (void);
      |      ^
conftest.c:86:6: note: 'strerror' is a builtin with type 'char *(int)'
1 warning generated.
configure:6763: $? = 0
configure:6763: result: yes
configure:6763: checking for strncasecmp
configure:6763: gcc -o conftest    conftest.c  >&5
conftest.c:87:6: warning: incompatible redeclaration of library function 'strncasecmp' [-Wincompatible-library-redeclaration]
   87 | char strncasecmp (void);
      |      ^
conftest.c:87:6: note: 'strncasecmp' is a builtin with type 'int (const char *, const char *, unsigned long)'
1 warning generated.
configure:6763: $? = 0
configure:6763: result: yes
configure:6763: checking for strndup
configure:6763: gcc -o conftest    conftest.c  >&5
conftest.c:88:6: warning: incompatible redeclaration of library function 'strndup' [-Wincompatible-library-redeclaration]
   88 | char strndup (void);
      |      ^
conftest.c:88:6: note: 'strndup' is a builtin with type 'char *(const char *, unsigned long)'
1 warning generated.
configure:6763: $? = 0
configure:6763: result: yes
configure:6763: checking for strrchr
configure:6763: gcc -o conftest    conftest.c  >&5
conftest.c:89:6: warning: incompatible redeclaration of library function 'strrchr' [-Wincompatible-library-redeclaration]
   89 | char strrchr (void);
      |      ^
conftest.c:89:6: note: 'strrchr' is a builtin with type 'char *(const char *, int)'
1 warning generated.
configure:6763: $? = 0
configure:6763: result: yes
configure:6763: checking for strspn
configure:6763: gcc -o conftest    conftest.c  >&5
conftest.c:90:6: warning: incompatible redeclaration of library function 'strspn' [-Wincompatible-library-redeclaration]
   90 | char strspn (void);
      |      ^
conftest.c:90:6: note: 'strspn' is a builtin with type 'unsigned long (const char *, const char *)'
1 warning generated.
configure:6763: $? = 0
configure:6763: result: yes
configure:6763: checking for strstr
configure:6763: gcc -o conftest    conftest.c  >&5
conftest.c:91:6: warning: incompatible redeclaration of library function 'strstr' [-Wincompatible-library-redeclaration]
   91 | char strstr (void);
      |      ^
conftest.c:91:6: note: 'strstr' is a builtin with type 'char *(const char *, const char *)'
1 warning generated.
configure:6763: $? = 0
configure:6763: result: yes
configure:6763: checking for strtol
configure:6763: gcc -o conftest    conftest.c  >&5
conftest.c:92:6: warning: incompatible redeclaration of library function 'strtol' [-Wincompatible-library-redeclaration]
   92 | char strtol (void);
      |      ^
conftest.c:92:6: note: 'strtol' is a builtin with type 'long (const char *, char **, int)'
1 warning generated.
configure:6763: $? = 0
configure:6763: result: yes
configure:6763: checking for strtoul
configure:6763: gcc -o conftest    conftest.c  >&5
conftest.c:93:6: warning: incompatible redeclaration of library function 'strtoul' [-Wincompatible-library-redeclaration]
   93 | char strtoul (void);
      |      ^
conftest.c:93:6: note: 'strtoul' is a builtin with type 'unsigned long (const char *, char **, int)'
1 warning generated.
configure:6763: $? = 0
configure:6763: result: yes
configure:6782: checking for library containing floor
configure:6818: gcc -o conftest    conftest.c  >&5
conftest.c:88:6: warning: incompatible redeclaration of library function 'floor' [-Wincompatible-library-redeclaration]
   88 | char floor (void);
      |      ^
conftest.c:88:6: note: 'floor' is a builtin with type 'double (double)'
1 warning generated.
ld.lld: error: undefined symbol: floor
>>> referenced by conftest.c
>>>               /data/data/com.termux/files/usr/tmp/conftest-c506f1.o:(main)
gcc: error: linker command failed with exit code 1 (use -v to see invocation)
configure:6818: $? = 1
configure: failed program was:
| /* confdefs.h */
| #define PACKAGE_NAME "i3"
| #define PACKAGE_TARNAME "i3"
| #define PACKAGE_VERSION "4.15"
| #define PACKAGE_STRING "i3 4.15"
| #define PACKAGE_BUGREPORT "https://github.com/i3/i3/issues"
| #define PACKAGE_URL ""
| #define PACKAGE "i3"
| #define VERSION "4.15"
| #define I3_VERSION "4.15 (2018-03-10, branch \"tags/4.15\")"
| #define MAJOR_VERSION 4
| #define MINOR_VERSION 15
| #define PATCH_VERSION 0
| #define UNUSED_NDEBUG /**/
| #define HAVE_STDIO_H 1
| #define HAVE_STDLIB_H 1
| #define HAVE_STRING_H 1
| #define HAVE_INTTYPES_H 1
| #define HAVE_STDINT_H 1
| #define HAVE_STRINGS_H 1
| #define HAVE_SYS_STAT_H 1
| #define HAVE_SYS_TYPES_H 1
| #define HAVE_UNISTD_H 1
| #define HAVE_WCHAR_H 1
| #define STDC_HEADERS 1
| #define _ALL_SOURCE 1
| #define _DARWIN_C_SOURCE 1
| #define _GNU_SOURCE 1
| #define _HPUX_ALT_XOPEN_SOCKET_API 1
| #define _NETBSD_SOURCE 1
| #define _OPENBSD_SOURCE 1
| #define _POSIX_PTHREAD_SEMANTICS 1
| #define __STDC_WANT_IEC_60559_ATTRIBS_EXT__ 1
| #define __STDC_WANT_IEC_60559_BFP_EXT__ 1
| #define __STDC_WANT_IEC_60559_DFP_EXT__ 1
| #define __STDC_WANT_IEC_60559_EXT__ 1
| #define __STDC_WANT_IEC_60559_FUNCS_EXT__ 1
| #define __STDC_WANT_IEC_60559_TYPES_EXT__ 1
| #define __STDC_WANT_LIB_EXT2__ 1
| #define __STDC_WANT_MATH_SPEC_FUNCS__ 1
| #define _TANDEM_SOURCE 1
| #define __EXTENSIONS__ 1
| #define HAVE__BOOL 1
| #define HAVE_MODE_T 1
| #define HAVE_OFF_T 1
| #define HAVE_PID_T 1
| #define HAVE_SIZE_T 1
| #define HAVE_SSIZE_T 1
| #define HAVE_FORK 1
| #define HAVE_VFORK 1
| #define HAVE_WORKING_VFORK 1
| #define HAVE_WORKING_FORK 1
| #define LSTAT_FOLLOWS_SLASHED_SYMLINK 1
| #define HAVE_ATEXIT 1
| #define HAVE_DUP2 1
| #define HAVE_FTRUNCATE 1
| #define HAVE_GETCWD 1
| #define HAVE_GETTIMEOFDAY 1
| #define HAVE_LOCALTIME_R 1
| #define HAVE_MEMCHR 1
| #define HAVE_MEMSET 1
| #define HAVE_MKDIR 1
| #define HAVE_RMDIR 1
| #define HAVE_SETLOCALE 1
| #define HAVE_SOCKET 1
| #define HAVE_STRCASECMP 1
| #define HAVE_STRCHR 1
| #define HAVE_STRDUP 1
| #define HAVE_STRERROR 1
| #define HAVE_STRNCASECMP 1
| #define HAVE_STRNDUP 1
| #define HAVE_STRRCHR 1
| #define HAVE_STRSPN 1
| #define HAVE_STRSTR 1
| #define HAVE_STRTOL 1
| #define HAVE_STRTOUL 1
| /* end confdefs.h.  */
| 
| /* Override any GCC internal prototype to avoid an error.
|    Use char because int might match the return type of a GCC
|    builtin and then its argument prototype would still apply.
|    The 'extern "C"' is for builds by C++ compilers;
|    although this is not generally supported in C code supporting it here
|    has little cost and some practical benefit (sr 110532).  */
| #ifdef __cplusplus
| extern "C"
| #endif
| char floor (void);
| int
| main (void)
| {
| return floor ();
|   ;
|   return 0;
| }
configure:6818: gcc -o conftest    conftest.c -lm   >&5
conftest.c:88:6: warning: incompatible redeclaration of library function 'floor' [-Wincompatible-library-redeclaration]
   88 | char floor (void);
      |      ^
conftest.c:88:6: note: 'floor' is a builtin with type 'double (double)'
1 warning generated.
configure:6818: $? = 0
configure:6840: result: -lm
configure:6857: checking for library containing ev_run
configure:6893: gcc -o conftest    conftest.c -lm  >&5
ld.lld: error: undefined symbol: ev_run
>>> referenced by conftest.c
>>>               /data/data/com.termux/files/usr/tmp/conftest-413e44.o:(main)
gcc: error: linker command failed with exit code 1 (use -v to see invocation)
configure:6893: $? = 1
configure: failed program was:
| /* confdefs.h */
| #define PACKAGE_NAME "i3"
| #define PACKAGE_TARNAME "i3"
| #define PACKAGE_VERSION "4.15"
| #define PACKAGE_STRING "i3 4.15"
| #define PACKAGE_BUGREPORT "https://github.com/i3/i3/issues"
| #define PACKAGE_URL ""
| #define PACKAGE "i3"
| #define VERSION "4.15"
| #define I3_VERSION "4.15 (2018-03-10, branch \"tags/4.15\")"
| #define MAJOR_VERSION 4
| #define MINOR_VERSION 15
| #define PATCH_VERSION 0
| #define UNUSED_NDEBUG /**/
| #define HAVE_STDIO_H 1
| #define HAVE_STDLIB_H 1
| #define HAVE_STRING_H 1
| #define HAVE_INTTYPES_H 1
| #define HAVE_STDINT_H 1
| #define HAVE_STRINGS_H 1
| #define HAVE_SYS_STAT_H 1
| #define HAVE_SYS_TYPES_H 1
| #define HAVE_UNISTD_H 1
| #define HAVE_WCHAR_H 1
| #define STDC_HEADERS 1
| #define _ALL_SOURCE 1
| #define _DARWIN_C_SOURCE 1
| #define _GNU_SOURCE 1
| #define _HPUX_ALT_XOPEN_SOCKET_API 1
| #define _NETBSD_SOURCE 1
| #define _OPENBSD_SOURCE 1
| #define _POSIX_PTHREAD_SEMANTICS 1
| #define __STDC_WANT_IEC_60559_ATTRIBS_EXT__ 1
| #define __STDC_WANT_IEC_60559_BFP_EXT__ 1
| #define __STDC_WANT_IEC_60559_DFP_EXT__ 1
| #define __STDC_WANT_IEC_60559_EXT__ 1
| #define __STDC_WANT_IEC_60559_FUNCS_EXT__ 1
| #define __STDC_WANT_IEC_60559_TYPES_EXT__ 1
| #define __STDC_WANT_LIB_EXT2__ 1
| #define __STDC_WANT_MATH_SPEC_FUNCS__ 1
| #define _TANDEM_SOURCE 1
| #define __EXTENSIONS__ 1
| #define HAVE__BOOL 1
| #define HAVE_MODE_T 1
| #define HAVE_OFF_T 1
| #define HAVE_PID_T 1
| #define HAVE_SIZE_T 1
| #define HAVE_SSIZE_T 1
| #define HAVE_FORK 1
| #define HAVE_VFORK 1
| #define HAVE_WORKING_VFORK 1
| #define HAVE_WORKING_FORK 1
| #define LSTAT_FOLLOWS_SLASHED_SYMLINK 1
| #define HAVE_ATEXIT 1
| #define HAVE_DUP2 1
| #define HAVE_FTRUNCATE 1
| #define HAVE_GETCWD 1
| #define HAVE_GETTIMEOFDAY 1
| #define HAVE_LOCALTIME_R 1
| #define HAVE_MEMCHR 1
| #define HAVE_MEMSET 1
| #define HAVE_MKDIR 1
| #define HAVE_RMDIR 1
| #define HAVE_SETLOCALE 1
| #define HAVE_SOCKET 1
| #define HAVE_STRCASECMP 1
| #define HAVE_STRCHR 1
| #define HAVE_STRDUP 1
| #define HAVE_STRERROR 1
| #define HAVE_STRNCASECMP 1
| #define HAVE_STRNDUP 1
| #define HAVE_STRRCHR 1
| #define HAVE_STRSPN 1
| #define HAVE_STRSTR 1
| #define HAVE_STRTOL 1
| #define HAVE_STRTOUL 1
| /* end confdefs.h.  */
| 
| /* Override any GCC internal prototype to avoid an error.
|    Use char because int might match the return type of a GCC
|    builtin and then its argument prototype would still apply.
|    The 'extern "C"' is for builds by C++ compilers;
|    although this is not generally supported in C code supporting it here
|    has little cost and some practical benefit (sr 110532).  */
| #ifdef __cplusplus
| extern "C"
| #endif
| char ev_run (void);
| int
| main (void)
| {
| return ev_run ();
|   ;
|   return 0;
| }
configure:6893: gcc -o conftest    conftest.c -lev  -lm  >&5
configure:6893: $? = 0
configure:6915: result: -lev
configure:6931: checking for library containing shm_open
configure:6967: gcc -o conftest    conftest.c -lev -lm  >&5
ld.lld: error: undefined symbol: shm_open
>>> referenced by conftest.c
>>>               /data/data/com.termux/files/usr/tmp/conftest-a632a9.o:(main)
>>> did you mean: sem_open
>>> defined in: /system/lib64/libc.so
gcc: error: linker command failed with exit code 1 (use -v to see invocation)
configure:6967: $? = 1
configure: failed program was:
| /* confdefs.h */
| #define PACKAGE_NAME "i3"
| #define PACKAGE_TARNAME "i3"
| #define PACKAGE_VERSION "4.15"
| #define PACKAGE_STRING "i3 4.15"
| #define PACKAGE_BUGREPORT "https://github.com/i3/i3/issues"
| #define PACKAGE_URL ""
| #define PACKAGE "i3"
| #define VERSION "4.15"
| #define I3_VERSION "4.15 (2018-03-10, branch \"tags/4.15\")"
| #define MAJOR_VERSION 4
| #define MINOR_VERSION 15
| #define PATCH_VERSION 0
| #define UNUSED_NDEBUG /**/
| #define HAVE_STDIO_H 1
| #define HAVE_STDLIB_H 1
| #define HAVE_STRING_H 1
| #define HAVE_INTTYPES_H 1
| #define HAVE_STDINT_H 1
| #define HAVE_STRINGS_H 1
| #define HAVE_SYS_STAT_H 1
| #define HAVE_SYS_TYPES_H 1
| #define HAVE_UNISTD_H 1
| #define HAVE_WCHAR_H 1
| #define STDC_HEADERS 1
| #define _ALL_SOURCE 1
| #define _DARWIN_C_SOURCE 1
| #define _GNU_SOURCE 1
| #define _HPUX_ALT_XOPEN_SOCKET_API 1
| #define _NETBSD_SOURCE 1
| #define _OPENBSD_SOURCE 1
| #define _POSIX_PTHREAD_SEMANTICS 1
| #define __STDC_WANT_IEC_60559_ATTRIBS_EXT__ 1
| #define __STDC_WANT_IEC_60559_BFP_EXT__ 1
| #define __STDC_WANT_IEC_60559_DFP_EXT__ 1
| #define __STDC_WANT_IEC_60559_EXT__ 1
| #define __STDC_WANT_IEC_60559_FUNCS_EXT__ 1
| #define __STDC_WANT_IEC_60559_TYPES_EXT__ 1
| #define __STDC_WANT_LIB_EXT2__ 1
| #define __STDC_WANT_MATH_SPEC_FUNCS__ 1
| #define _TANDEM_SOURCE 1
| #define __EXTENSIONS__ 1
| #define HAVE__BOOL 1
| #define HAVE_MODE_T 1
| #define HAVE_OFF_T 1
| #define HAVE_PID_T 1
| #define HAVE_SIZE_T 1
| #define HAVE_SSIZE_T 1
| #define HAVE_FORK 1
| #define HAVE_VFORK 1
| #define HAVE_WORKING_VFORK 1
| #define HAVE_WORKING_FORK 1
| #define LSTAT_FOLLOWS_SLASHED_SYMLINK 1
| #define HAVE_ATEXIT 1
| #define HAVE_DUP2 1
| #define HAVE_FTRUNCATE 1
| #define HAVE_GETCWD 1
| #define HAVE_GETTIMEOFDAY 1
| #define HAVE_LOCALTIME_R 1
| #define HAVE_MEMCHR 1
| #define HAVE_MEMSET 1
| #define HAVE_MKDIR 1
| #define HAVE_RMDIR 1
| #define HAVE_SETLOCALE 1
| #define HAVE_SOCKET 1
| #define HAVE_STRCASECMP 1
| #define HAVE_STRCHR 1
| #define HAVE_STRDUP 1
| #define HAVE_STRERROR 1
| #define HAVE_STRNCASECMP 1
| #define HAVE_STRNDUP 1
| #define HAVE_STRRCHR 1
| #define HAVE_STRSPN 1
| #define HAVE_STRSTR 1
| #define HAVE_STRTOL 1
| #define HAVE_STRTOUL 1
| /* end confdefs.h.  */
| 
| /* Override any GCC internal prototype to avoid an error.
|    Use char because int might match the return type of a GCC
|    builtin and then its argument prototype would still apply.
|    The 'extern "C"' is for builds by C++ compilers;
|    although this is not generally supported in C code supporting it here
|    has little cost and some practical benefit (sr 110532).  */
| #ifdef __cplusplus
| extern "C"
| #endif
| char shm_open (void);
| int
| main (void)
| {
| return shm_open ();
|   ;
|   return 0;
| }
configure:6967: gcc -o conftest    conftest.c -lrt  -lev -lm  >&5
ld.lld: error: undefined symbol: shm_open
>>> referenced by conftest.c
>>>               /data/data/com.termux/files/usr/tmp/conftest-7276ff.o:(main)
>>> did you mean: sem_open
>>> defined in: /system/lib64/libc.so
gcc: error: linker command failed with exit code 1 (use -v to see invocation)
configure:6967: $? = 1
configure: failed program was:
| /* confdefs.h */
| #define PACKAGE_NAME "i3"
| #define PACKAGE_TARNAME "i3"
| #define PACKAGE_VERSION "4.15"
| #define PACKAGE_STRING "i3 4.15"
| #define PACKAGE_BUGREPORT "https://github.com/i3/i3/issues"
| #define PACKAGE_URL ""
| #define PACKAGE "i3"
| #define VERSION "4.15"
| #define I3_VERSION "4.15 (2018-03-10, branch \"tags/4.15\")"
| #define MAJOR_VERSION 4
| #define MINOR_VERSION 15
| #define PATCH_VERSION 0
| #define UNUSED_NDEBUG /**/
| #define HAVE_STDIO_H 1
| #define HAVE_STDLIB_H 1
| #define HAVE_STRING_H 1
| #define HAVE_INTTYPES_H 1
| #define HAVE_STDINT_H 1
| #define HAVE_STRINGS_H 1
| #define HAVE_SYS_STAT_H 1
| #define HAVE_SYS_TYPES_H 1
| #define HAVE_UNISTD_H 1
| #define HAVE_WCHAR_H 1
| #define STDC_HEADERS 1
| #define _ALL_SOURCE 1
| #define _DARWIN_C_SOURCE 1
| #define _GNU_SOURCE 1
| #define _HPUX_ALT_XOPEN_SOCKET_API 1
| #define _NETBSD_SOURCE 1
| #define _OPENBSD_SOURCE 1
| #define _POSIX_PTHREAD_SEMANTICS 1
| #define __STDC_WANT_IEC_60559_ATTRIBS_EXT__ 1
| #define __STDC_WANT_IEC_60559_BFP_EXT__ 1
| #define __STDC_WANT_IEC_60559_DFP_EXT__ 1
| #define __STDC_WANT_IEC_60559_EXT__ 1
| #define __STDC_WANT_IEC_60559_FUNCS_EXT__ 1
| #define __STDC_WANT_IEC_60559_TYPES_EXT__ 1
| #define __STDC_WANT_LIB_EXT2__ 1
| #define __STDC_WANT_MATH_SPEC_FUNCS__ 1
| #define _TANDEM_SOURCE 1
| #define __EXTENSIONS__ 1
| #define HAVE__BOOL 1
| #define HAVE_MODE_T 1
| #define HAVE_OFF_T 1
| #define HAVE_PID_T 1
| #define HAVE_SIZE_T 1
| #define HAVE_SSIZE_T 1
| #define HAVE_FORK 1
| #define HAVE_VFORK 1
| #define HAVE_WORKING_VFORK 1
| #define HAVE_WORKING_FORK 1
| #define LSTAT_FOLLOWS_SLASHED_SYMLINK 1
| #define HAVE_ATEXIT 1
| #define HAVE_DUP2 1
| #define HAVE_FTRUNCATE 1
| #define HAVE_GETCWD 1
| #define HAVE_GETTIMEOFDAY 1
| #define HAVE_LOCALTIME_R 1
| #define HAVE_MEMCHR 1
| #define HAVE_MEMSET 1
| #define HAVE_MKDIR 1
| #define HAVE_RMDIR 1
| #define HAVE_SETLOCALE 1
| #define HAVE_SOCKET 1
| #define HAVE_STRCASECMP 1
| #define HAVE_STRCHR 1
| #define HAVE_STRDUP 1
| #define HAVE_STRERROR 1
| #define HAVE_STRNCASECMP 1
| #define HAVE_STRNDUP 1
| #define HAVE_STRRCHR 1
| #define HAVE_STRSPN 1
| #define HAVE_STRSTR 1
| #define HAVE_STRTOL 1
| #define HAVE_STRTOUL 1
| /* end confdefs.h.  */
| 
| /* Override any GCC internal prototype to avoid an error.
|    Use char because int might match the return type of a GCC
|    builtin and then its argument prototype would still apply.
|    The 'extern "C"' is for builds by C++ compilers;
|    although this is not generally supported in C code supporting it here
|    has little cost and some practical benefit (sr 110532).  */
| #ifdef __cplusplus
| extern "C"
| #endif
| char shm_open (void);
| int
| main (void)
| {
| return shm_open ();
|   ;
|   return 0;
| }
configure:6989: result: no
configure:6999: checking for library containing iconv_open
configure:7035: gcc -o conftest    conftest.c -lev -lm  >&5
configure:7035: $? = 0
configure:7057: result: none required
configure:7078: checking how to run the C preprocessor
configure:7104: gcc -E  conftest.c
configure:7104: $? = 0
configure:7120: gcc -E  conftest.c
conftest.c:78:10: fatal error: 'ac_nonexistent.h' file not found
   78 | #include <ac_nonexistent.h>
      |          ^~~~~~~~~~~~~~~~~~
1 error generated.
configure:7120: $? = 1
configure: failed program was:
| /* confdefs.h */
| #define PACKAGE_NAME "i3"
| #define PACKAGE_TARNAME "i3"
| #define PACKAGE_VERSION "4.15"
| #define PACKAGE_STRING "i3 4.15"
| #define PACKAGE_BUGREPORT "https://github.com/i3/i3/issues"
| #define PACKAGE_URL ""
| #define PACKAGE "i3"
| #define VERSION "4.15"
| #define I3_VERSION "4.15 (2018-03-10, branch \"tags/4.15\")"
| #define MAJOR_VERSION 4
| #define MINOR_VERSION 15
| #define PATCH_VERSION 0
| #define UNUSED_NDEBUG /**/
| #define HAVE_STDIO_H 1
| #define HAVE_STDLIB_H 1
| #define HAVE_STRING_H 1
| #define HAVE_INTTYPES_H 1
| #define HAVE_STDINT_H 1
| #define HAVE_STRINGS_H 1
| #define HAVE_SYS_STAT_H 1
| #define HAVE_SYS_TYPES_H 1
| #define HAVE_UNISTD_H 1
| #define HAVE_WCHAR_H 1
| #define STDC_HEADERS 1
| #define _ALL_SOURCE 1
| #define _DARWIN_C_SOURCE 1
| #define _GNU_SOURCE 1
| #define _HPUX_ALT_XOPEN_SOCKET_API 1
| #define _NETBSD_SOURCE 1
| #define _OPENBSD_SOURCE 1
| #define _POSIX_PTHREAD_SEMANTICS 1
| #define __STDC_WANT_IEC_60559_ATTRIBS_EXT__ 1
| #define __STDC_WANT_IEC_60559_BFP_EXT__ 1
| #define __STDC_WANT_IEC_60559_DFP_EXT__ 1
| #define __STDC_WANT_IEC_60559_EXT__ 1
| #define __STDC_WANT_IEC_60559_FUNCS_EXT__ 1
| #define __STDC_WANT_IEC_60559_TYPES_EXT__ 1
| #define __STDC_WANT_LIB_EXT2__ 1
| #define __STDC_WANT_MATH_SPEC_FUNCS__ 1
| #define _TANDEM_SOURCE 1
| #define __EXTENSIONS__ 1
| #define HAVE__BOOL 1
| #define HAVE_MODE_T 1
| #define HAVE_OFF_T 1
| #define HAVE_PID_T 1
| #define HAVE_SIZE_T 1
| #define HAVE_SSIZE_T 1
| #define HAVE_FORK 1
| #define HAVE_VFORK 1
| #define HAVE_WORKING_VFORK 1
| #define HAVE_WORKING_FORK 1
| #define LSTAT_FOLLOWS_SLASHED_SYMLINK 1
| #define HAVE_ATEXIT 1
| #define HAVE_DUP2 1
| #define HAVE_FTRUNCATE 1
| #define HAVE_GETCWD 1
| #define HAVE_GETTIMEOFDAY 1
| #define HAVE_LOCALTIME_R 1
| #define HAVE_MEMCHR 1
| #define HAVE_MEMSET 1
| #define HAVE_MKDIR 1
| #define HAVE_RMDIR 1
| #define HAVE_SETLOCALE 1
| #define HAVE_SOCKET 1
| #define HAVE_STRCASECMP 1
| #define HAVE_STRCHR 1
| #define HAVE_STRDUP 1
| #define HAVE_STRERROR 1
| #define HAVE_STRNCASECMP 1
| #define HAVE_STRNDUP 1
| #define HAVE_STRRCHR 1
| #define HAVE_STRSPN 1
| #define HAVE_STRSTR 1
| #define HAVE_STRTOL 1
| #define HAVE_STRTOUL 1
| /* end confdefs.h.  */
| #include <ac_nonexistent.h>
configure:7149: result: gcc -E
configure:7163: gcc -E  conftest.c
configure:7163: $? = 0
configure:7179: gcc -E  conftest.c
conftest.c:78:10: fatal error: 'ac_nonexistent.h' file not found
   78 | #include <ac_nonexistent.h>
      |          ^~~~~~~~~~~~~~~~~~
1 error generated.
configure:7179: $? = 1
configure: failed program was:
| /* confdefs.h */
| #define PACKAGE_NAME "i3"
| #define PACKAGE_TARNAME "i3"
| #define PACKAGE_VERSION "4.15"
| #define PACKAGE_STRING "i3 4.15"
| #define PACKAGE_BUGREPORT "https://github.com/i3/i3/issues"
| #define PACKAGE_URL ""
| #define PACKAGE "i3"
| #define VERSION "4.15"
| #define I3_VERSION "4.15 (2018-03-10, branch \"tags/4.15\")"
| #define MAJOR_VERSION 4
| #define MINOR_VERSION 15
| #define PATCH_VERSION 0
| #define UNUSED_NDEBUG /**/
| #define HAVE_STDIO_H 1
| #define HAVE_STDLIB_H 1
| #define HAVE_STRING_H 1
| #define HAVE_INTTYPES_H 1
| #define HAVE_STDINT_H 1
| #define HAVE_STRINGS_H 1
| #define HAVE_SYS_STAT_H 1
| #define HAVE_SYS_TYPES_H 1
| #define HAVE_UNISTD_H 1
| #define HAVE_WCHAR_H 1
| #define STDC_HEADERS 1
| #define _ALL_SOURCE 1
| #define _DARWIN_C_SOURCE 1
| #define _GNU_SOURCE 1
| #define _HPUX_ALT_XOPEN_SOCKET_API 1
| #define _NETBSD_SOURCE 1
| #define _OPENBSD_SOURCE 1
| #define _POSIX_PTHREAD_SEMANTICS 1
| #define __STDC_WANT_IEC_60559_ATTRIBS_EXT__ 1
| #define __STDC_WANT_IEC_60559_BFP_EXT__ 1
| #define __STDC_WANT_IEC_60559_DFP_EXT__ 1
| #define __STDC_WANT_IEC_60559_EXT__ 1
| #define __STDC_WANT_IEC_60559_FUNCS_EXT__ 1
| #define __STDC_WANT_IEC_60559_TYPES_EXT__ 1
| #define __STDC_WANT_LIB_EXT2__ 1
| #define __STDC_WANT_MATH_SPEC_FUNCS__ 1
| #define _TANDEM_SOURCE 1
| #define __EXTENSIONS__ 1
| #define HAVE__BOOL 1
| #define HAVE_MODE_T 1
| #define HAVE_OFF_T 1
| #define HAVE_PID_T 1
| #define HAVE_SIZE_T 1
| #define HAVE_SSIZE_T 1
| #define HAVE_FORK 1
| #define HAVE_VFORK 1
| #define HAVE_WORKING_VFORK 1
| #define HAVE_WORKING_FORK 1
| #define LSTAT_FOLLOWS_SLASHED_SYMLINK 1
| #define HAVE_ATEXIT 1
| #define HAVE_DUP2 1
| #define HAVE_FTRUNCATE 1
| #define HAVE_GETCWD 1
| #define HAVE_GETTIMEOFDAY 1
| #define HAVE_LOCALTIME_R 1
| #define HAVE_MEMCHR 1
| #define HAVE_MEMSET 1
| #define HAVE_MKDIR 1
| #define HAVE_RMDIR 1
| #define HAVE_SETLOCALE 1
| #define HAVE_SOCKET 1
| #define HAVE_STRCASECMP 1
| #define HAVE_STRCHR 1
| #define HAVE_STRDUP 1
| #define HAVE_STRERROR 1
| #define HAVE_STRNCASECMP 1
| #define HAVE_STRNDUP 1
| #define HAVE_STRRCHR 1
| #define HAVE_STRSPN 1
| #define HAVE_STRSTR 1
| #define HAVE_STRTOL 1
| #define HAVE_STRTOUL 1
| /* end confdefs.h.  */
| #include <ac_nonexistent.h>
configure:7212: checking for egrep -e
configure:7342: result: /data/data/com.termux/files/usr/bin/grep -E
configure:7538: checking whether gcc is Clang
configure:7566: result: yes
configure:7613: checking whether Clang needs flag to prevent "argument unused" warning when linking with -pthread
configure:7640: gcc -o conftest -Werror -Wunknown-warning-option  -pthread    conftest.c -lev -lm  >&5
configure:7640: $? = 0
configure:7647: (gcc -c -Werror -Wunknown-warning-option  -pthread   conftest.c >&5) && (echo ==== >&5) && (gcc -o conftest -Werror -Wunknown-warning-option  -pthread    conftest.o -lev -lm  >&5)
====
configure:7647: $? = 0
configure:7668: result: no
configure:7826: checking for joinable pthread attribute
configure:7845: gcc -o conftest  -pthread   conftest.c  -lev -lm  >&5
configure:7845: $? = 0
configure:7855: result: PTHREAD_CREATE_JOINABLE
configure:7868: checking whether more special flags are required for pthreads
configure:7883: result: no
configure:7892: checking for PTHREAD_PRIO_INHERIT
configure:7909: gcc -o conftest  -pthread   conftest.c  -lev -lm  >&5
configure:7909: $? = 0
configure:7921: result: yes
configure:8092: checking for pkg-config
configure:8115: found /data/data/com.termux/files/usr/bin/pkg-config
configure:8128: result: /data/data/com.termux/files/usr/bin/pkg-config
configure:8153: checking pkg-config is at least version 0.9.0
configure:8156: result: yes
configure:8166: checking for libstartup-notification-1.0
configure:8173: $PKG_CONFIG --exists --print-errors "libstartup-notification-1.0"
configure:8176: $? = 0
configure:8190: $PKG_CONFIG --exists --print-errors "libstartup-notification-1.0"
configure:8193: $? = 0
configure:8251: result: yes
configure:8257: checking for xcb xcb-xkb xcb-xinerama xcb-randr
configure:8264: $PKG_CONFIG --exists --print-errors "xcb xcb-xkb xcb-xinerama xcb-randr"
configure:8267: $? = 0
configure:8281: $PKG_CONFIG --exists --print-errors "xcb xcb-xkb xcb-xinerama xcb-randr"
configure:8284: $? = 0
configure:8342: result: yes
configure:8348: checking for xcb-event xcb-util
configure:8355: $PKG_CONFIG --exists --print-errors "xcb-event xcb-util"
configure:8358: $? = 0
configure:8372: $PKG_CONFIG --exists --print-errors "xcb-event xcb-util"
configure:8375: $? = 0
configure:8433: result: yes
configure:8439: checking for xcb-cursor
configure:8446: $PKG_CONFIG --exists --print-errors "xcb-cursor"
configure:8449: $? = 0
configure:8463: $PKG_CONFIG --exists --print-errors "xcb-cursor"
configure:8466: $? = 0
configure:8524: result: yes
configure:8530: checking for xcb-keysyms
configure:8537: $PKG_CONFIG --exists --print-errors "xcb-keysyms"
configure:8540: $? = 0
configure:8554: $PKG_CONFIG --exists --print-errors "xcb-keysyms"
configure:8557: $? = 0
configure:8615: result: yes
configure:8621: checking for xcb-icccm
configure:8628: $PKG_CONFIG --exists --print-errors "xcb-icccm"
configure:8631: $? = 0
configure:8645: $PKG_CONFIG --exists --print-errors "xcb-icccm"
configure:8648: $? = 0
configure:8706: result: yes
configure:8712: checking for xcb-xrm
configure:8719: $PKG_CONFIG --exists --print-errors "xcb-xrm"
configure:8722: $? = 0
configure:8736: $PKG_CONFIG --exists --print-errors "xcb-xrm"
configure:8739: $? = 0
configure:8797: result: yes
configure:8803: checking for xkbcommon xkbcommon-x11
configure:8810: $PKG_CONFIG --exists --print-errors "xkbcommon xkbcommon-x11"
configure:8813: $? = 0
configure:8827: $PKG_CONFIG --exists --print-errors "xkbcommon xkbcommon-x11"
configure:8830: $? = 0
configure:8888: result: yes
configure:8894: checking for yajl
configure:8901: $PKG_CONFIG --exists --print-errors "yajl"
configure:8904: $? = 0
configure:8918: $PKG_CONFIG --exists --print-errors "yajl"
configure:8921: $? = 0
configure:8979: result: yes
configure:8985: checking for libpcre >= 8.10
configure:8992: $PKG_CONFIG --exists --print-errors "libpcre >= 8.10"
configure:8995: $? = 0
configure:9009: $PKG_CONFIG --exists --print-errors "libpcre >= 8.10"
configure:9012: $? = 0
configure:9070: result: yes
configure:9076: checking for cairo >= 1.14.4 pangocairo
configure:9083: $PKG_CONFIG --exists --print-errors "cairo >= 1.14.4 pangocairo"
configure:9086: $? = 0
configure:9100: $PKG_CONFIG --exists --print-errors "cairo >= 1.14.4 pangocairo"
configure:9103: $? = 0
configure:9161: result: yes
configure:9171: checking for gawk
configure:9204: result: gawk
configure:9220: checking how to run the C preprocessor
configure:9291: result: gcc -E
configure:9305: gcc -E  conftest.c
configure:9305: $? = 0
configure:9321: gcc -E  conftest.c
conftest.c:80:10: fatal error: 'ac_nonexistent.h' file not found
   80 | #include <ac_nonexistent.h>
      |          ^~~~~~~~~~~~~~~~~~
1 error generated.
configure:9321: $? = 1
configure: failed program was:
| /* confdefs.h */
| #define PACKAGE_NAME "i3"
| #define PACKAGE_TARNAME "i3"
| #define PACKAGE_VERSION "4.15"
| #define PACKAGE_STRING "i3 4.15"
| #define PACKAGE_BUGREPORT "https://github.com/i3/i3/issues"
| #define PACKAGE_URL ""
| #define PACKAGE "i3"
| #define VERSION "4.15"
| #define I3_VERSION "4.15 (2018-03-10, branch \"tags/4.15\")"
| #define MAJOR_VERSION 4
| #define MINOR_VERSION 15
| #define PATCH_VERSION 0
| #define UNUSED_NDEBUG /**/
| #define HAVE_STDIO_H 1
| #define HAVE_STDLIB_H 1
| #define HAVE_STRING_H 1
| #define HAVE_INTTYPES_H 1
| #define HAVE_STDINT_H 1
| #define HAVE_STRINGS_H 1
| #define HAVE_SYS_STAT_H 1
| #define HAVE_SYS_TYPES_H 1
| #define HAVE_UNISTD_H 1
| #define HAVE_WCHAR_H 1
| #define STDC_HEADERS 1
| #define _ALL_SOURCE 1
| #define _DARWIN_C_SOURCE 1
| #define _GNU_SOURCE 1
| #define _HPUX_ALT_XOPEN_SOCKET_API 1
| #define _NETBSD_SOURCE 1
| #define _OPENBSD_SOURCE 1
| #define _POSIX_PTHREAD_SEMANTICS 1
| #define __STDC_WANT_IEC_60559_ATTRIBS_EXT__ 1
| #define __STDC_WANT_IEC_60559_BFP_EXT__ 1
| #define __STDC_WANT_IEC_60559_DFP_EXT__ 1
| #define __STDC_WANT_IEC_60559_EXT__ 1
| #define __STDC_WANT_IEC_60559_FUNCS_EXT__ 1
| #define __STDC_WANT_IEC_60559_TYPES_EXT__ 1
| #define __STDC_WANT_LIB_EXT2__ 1
| #define __STDC_WANT_MATH_SPEC_FUNCS__ 1
| #define _TANDEM_SOURCE 1
| #define __EXTENSIONS__ 1
| #define HAVE__BOOL 1
| #define HAVE_MODE_T 1
| #define HAVE_OFF_T 1
| #define HAVE_PID_T 1
| #define HAVE_SIZE_T 1
| #define HAVE_SSIZE_T 1
| #define HAVE_FORK 1
| #define HAVE_VFORK 1
| #define HAVE_WORKING_VFORK 1
| #define HAVE_WORKING_FORK 1
| #define LSTAT_FOLLOWS_SLASHED_SYMLINK 1
| #define HAVE_ATEXIT 1
| #define HAVE_DUP2 1
| #define HAVE_FTRUNCATE 1
| #define HAVE_GETCWD 1
| #define HAVE_GETTIMEOFDAY 1
| #define HAVE_LOCALTIME_R 1
| #define HAVE_MEMCHR 1
| #define HAVE_MEMSET 1
| #define HAVE_MKDIR 1
| #define HAVE_RMDIR 1
| #define HAVE_SETLOCALE 1
| #define HAVE_SOCKET 1
| #define HAVE_STRCASECMP 1
| #define HAVE_STRCHR 1
| #define HAVE_STRDUP 1
| #define HAVE_STRERROR 1
| #define HAVE_STRNCASECMP 1
| #define HAVE_STRNDUP 1
| #define HAVE_STRRCHR 1
| #define HAVE_STRSPN 1
| #define HAVE_STRSTR 1
| #define HAVE_STRTOL 1
| #define HAVE_STRTOUL 1
| #define HAVE_PTHREAD_PRIO_INHERIT 1
| #define HAVE_PTHREAD 1
| /* end confdefs.h.  */
| #include <ac_nonexistent.h>
configure:9354: checking whether make sets $(MAKE)
configure:9378: result: yes
configure:9436: checking for ranlib
configure:9472: result: no
configure:9491: checking whether ln -s works
configure:9495: result: yes
configure:9505: checking for asciidoc
configure:9544: result: no
configure:9551: checking for xmlto
configure:9590: result: no
configure:9597: checking for pod2man
configure:9620: found /data/data/com.termux/files/usr/bin/pod2man
configure:9633: result: /data/data/com.termux/files/usr/bin/pod2man
configure:9715: checking for ar
configure:9751: result: no
configure:9715: checking for lib
configure:9751: result: no
configure:9715: checking for link
configure:9736: found /data/data/com.termux/files/usr/bin/link
configure:9748: result: link -lib
configure:9775: checking the archiver (link -lib) interface
configure:9792: gcc -c   conftest.c >&5
configure:9792: $? = 0
configure:9795: link -lib cr libconftest.a conftest.o >&5
link: invalid option -- 'l'
Try 'link --help' for more information.
configure:9798: $? = 1
configure:9804: link -lib -NOLOGO -OUT:conftest.lib conftest.o >&5
link: invalid option -- 'l'
Try 'link --help' for more information.
configure:9807: $? = 1
configure:9827: result: unknown
configure:9843: error: could not determine link -lib interface

## ---------------- ##
## Cache variables. ##
## ---------------- ##

_cv_gnu_make_command='make'
ac_cv_build='aarch64-unknown-linux-android'
ac_cv_c_compiler_gnu='yes'
ac_cv_env_CC_set=''
ac_cv_env_CC_value=''
ac_cv_env_CFLAGS_set=''
ac_cv_env_CFLAGS_value=''
ac_cv_env_CPPFLAGS_set=''
ac_cv_env_CPPFLAGS_value=''
ac_cv_env_CPP_set=''
ac_cv_env_CPP_value=''
ac_cv_env_LDFLAGS_set=''
ac_cv_env_LDFLAGS_value=''
ac_cv_env_LIBPCRE_CFLAGS_set=''
ac_cv_env_LIBPCRE_CFLAGS_value=''
ac_cv_env_LIBPCRE_LIBS_set=''
ac_cv_env_LIBPCRE_LIBS_value=''
ac_cv_env_LIBSN_CFLAGS_set=''
ac_cv_env_LIBSN_CFLAGS_value=''
ac_cv_env_LIBSN_LIBS_set=''
ac_cv_env_LIBSN_LIBS_value=''
ac_cv_env_LIBS_set=''
ac_cv_env_LIBS_value=''
ac_cv_env_PANGOCAIRO_CFLAGS_set=''
ac_cv_env_PANGOCAIRO_CFLAGS_value=''
ac_cv_env_PANGOCAIRO_LIBS_set=''
ac_cv_env_PANGOCAIRO_LIBS_value=''
ac_cv_env_PKG_CONFIG_LIBDIR_set=''
ac_cv_env_PKG_CONFIG_LIBDIR_value=''
ac_cv_env_PKG_CONFIG_PATH_set=''
ac_cv_env_PKG_CONFIG_PATH_value=''
ac_cv_env_PKG_CONFIG_set=''
ac_cv_env_PKG_CONFIG_value=''
ac_cv_env_XCB_CFLAGS_set=''
ac_cv_env_XCB_CFLAGS_value=''
ac_cv_env_XCB_LIBS_set=''
ac_cv_env_XCB_LIBS_value=''
ac_cv_env_XCB_UTIL_CFLAGS_set=''
ac_cv_env_XCB_UTIL_CFLAGS_value=''
ac_cv_env_XCB_UTIL_CURSOR_CFLAGS_set=''
ac_cv_env_XCB_UTIL_CURSOR_CFLAGS_value=''
ac_cv_env_XCB_UTIL_CURSOR_LIBS_set=''
ac_cv_env_XCB_UTIL_CURSOR_LIBS_value=''
ac_cv_env_XCB_UTIL_KEYSYMS_CFLAGS_set=''
ac_cv_env_XCB_UTIL_KEYSYMS_CFLAGS_value=''
ac_cv_env_XCB_UTIL_KEYSYMS_LIBS_set=''
ac_cv_env_XCB_UTIL_KEYSYMS_LIBS_value=''
ac_cv_env_XCB_UTIL_LIBS_set=''
ac_cv_env_XCB_UTIL_LIBS_value=''
ac_cv_env_XCB_UTIL_WM_CFLAGS_set=''
ac_cv_env_XCB_UTIL_WM_CFLAGS_value=''
ac_cv_env_XCB_UTIL_WM_LIBS_set=''
ac_cv_env_XCB_UTIL_WM_LIBS_value=''
ac_cv_env_XCB_UTIL_XRM_CFLAGS_set=''
ac_cv_env_XCB_UTIL_XRM_CFLAGS_value=''
ac_cv_env_XCB_UTIL_XRM_LIBS_set=''
ac_cv_env_XCB_UTIL_XRM_LIBS_value=''
ac_cv_env_XKBCOMMON_CFLAGS_set=''
ac_cv_env_XKBCOMMON_CFLAGS_value=''
ac_cv_env_XKBCOMMON_LIBS_set=''
ac_cv_env_XKBCOMMON_LIBS_value=''
ac_cv_env_YAJL_CFLAGS_set=''
ac_cv_env_YAJL_CFLAGS_value=''
ac_cv_env_YAJL_LIBS_set=''
ac_cv_env_YAJL_LIBS_value=''
ac_cv_env_build_alias_set=''
ac_cv_env_build_alias_value=''
ac_cv_env_host_alias_set=''
ac_cv_env_host_alias_value=''
ac_cv_env_target_alias_set=''
ac_cv_env_target_alias_value=''
ac_cv_func_atexit='yes'
ac_cv_func_dup2='yes'
ac_cv_func_fork='yes'
ac_cv_func_fork_works='yes'
ac_cv_func_ftruncate='yes'
ac_cv_func_getcwd='yes'
ac_cv_func_gettimeofday='yes'
ac_cv_func_localtime_r='yes'
ac_cv_func_lstat_dereferences_slashed_symlink='yes'
ac_cv_func_memchr='yes'
ac_cv_func_memset='yes'
ac_cv_func_mkdir='yes'
ac_cv_func_rmdir='yes'
ac_cv_func_setlocale='yes'
ac_cv_func_socket='yes'
ac_cv_func_strcasecmp='yes'
ac_cv_func_strchr='yes'
ac_cv_func_strdup='yes'
ac_cv_func_strerror='yes'
ac_cv_func_strncasecmp='yes'
ac_cv_func_strndup='yes'
ac_cv_func_strnlen_working='yes'
ac_cv_func_strrchr='yes'
ac_cv_func_strspn='yes'
ac_cv_func_strstr='yes'
ac_cv_func_strtol='yes'
ac_cv_func_strtoul='yes'
ac_cv_func_vfork='yes'
ac_cv_func_vfork_works='yes'
ac_cv_header_inttypes_h='yes'
ac_cv_header_minix_config_h='no'
ac_cv_header_stdbool_h='yes'
ac_cv_header_stdint_h='yes'
ac_cv_header_stdio_h='yes'
ac_cv_header_stdlib_h='yes'
ac_cv_header_string_h='yes'
ac_cv_header_strings_h='yes'
ac_cv_header_sys_stat_h='yes'
ac_cv_header_sys_types_h='yes'
ac_cv_header_unistd_h='yes'
ac_cv_header_vfork_h='no'
ac_cv_header_wchar_h='yes'
ac_cv_host='aarch64-unknown-linux-android'
ac_cv_objext='o'
ac_cv_path_EGREP_TRADITIONAL='/data/data/com.termux/files/usr/bin/grep -E'
ac_cv_path_PATH_POD2MAN='/data/data/com.termux/files/usr/bin/pod2man'
ac_cv_path_SED='/data/data/com.termux/files/usr/bin/sed'
ac_cv_path_ac_pt_PKG_CONFIG='/data/data/com.termux/files/usr/bin/pkg-config'
ac_cv_path_ax_enable_builddir_sed='sed'
ac_cv_path_install='/data/data/com.termux/files/usr/bin/install -c'
ac_cv_path_mkdir='/data/data/com.termux/files/usr/bin/mkdir'
ac_cv_prog_AWK='gawk'
ac_cv_prog_CPP='gcc -E'
ac_cv_prog_ac_ct_AR='link -lib'
ac_cv_prog_ac_ct_CC='gcc'
ac_cv_prog_cc_c11=''
ac_cv_prog_cc_g='yes'
ac_cv_prog_cc_stdc=''
ac_cv_prog_make_make_set='yes'
ac_cv_safe_to_define___extensions__='yes'
ac_cv_search_ev_run='-lev'
ac_cv_search_floor='-lm'
ac_cv_search_iconv_open='none required'
ac_cv_search_shm_open='no'
ac_cv_should_define__xopen_source='no'
ac_cv_target='aarch64-unknown-linux-android'
ac_cv_type__Bool='yes'
ac_cv_type_mode_t='yes'
ac_cv_type_off_t='yes'
ac_cv_type_pid_t='yes'
ac_cv_type_size_t='yes'
ac_cv_type_ssize_t='yes'
am_cv_CC_dependencies_compiler_type='gcc3'
am_cv_ar_interface='unknown'
am_cv_filesystem_timestamp_resolution='0.01'
am_cv_make_support_nested_variables='yes'
am_cv_prog_cc_c_o='yes'
am_cv_prog_tar_ustar='gnutar'
am_cv_sleep_fractional_seconds='yes'
am_cv_xargs_n_works='yes'
ax_cv_PTHREAD_CLANG='yes'
ax_cv_PTHREAD_CLANG_NO_WARN_FLAG='no'
ax_cv_PTHREAD_JOINABLE_ATTR='PTHREAD_CREATE_JOINABLE'
ax_cv_PTHREAD_PRIO_INHERIT='yes'
ax_cv_PTHREAD_SPECIAL_FLAGS='no'
ax_cv_gnu_make_command='make'
pkg_cv_LIBPCRE_CFLAGS='-I/data/data/com.termux/files/usr/include'
pkg_cv_LIBPCRE_LIBS='-L/data/data/com.termux/files/usr/lib -lpcre'
pkg_cv_LIBSN_CFLAGS='-I/data/data/com.termux/files/usr/include/startup-notification-1.0'
pkg_cv_LIBSN_LIBS='-L/data/data/com.termux/files/usr/lib -lstartup-notification-1'
pkg_cv_PANGOCAIRO_CFLAGS='-pthread -I/data/data/com.termux/files/usr/include/pango-1.0 -I/data/data/com.termux/files/usr/include/harfbuzz -I/data/data/com.termux/files/usr/include/pango-1.0 -I/data/data/com.termux/files/usr/include -I/data/data/com.termux/files/usr/include/fribidi -I/data/data/com.termux/files/usr/include -I/data/data/com.termux/files/usr/include/harfbuzz -I/data/data/com.termux/files/usr/include/glib-2.0 -I/data/data/com.termux/files/usr/lib/glib-2.0/include -I/data/data/com.termux/files/usr/include -I/data/data/com.termux/files/usr/include/cairo -I/data/data/com.termux/files/usr/include -I/data/data/com.termux/files/usr/include/freetype2 -I/data/data/com.termux/files/usr/include/libpng16 -I/data/data/com.termux/files/usr/include -I/data/data/com.termux/files/usr/include/pixman-1'
pkg_cv_PANGOCAIRO_LIBS='-L/data/data/com.termux/files/usr/lib -lpangocairo-1.0 -lpango-1.0 -lgobject-2.0 -lglib-2.0 -lharfbuzz -lcairo'
pkg_cv_XCB_CFLAGS='-I/data/data/com.termux/files/usr/include'
pkg_cv_XCB_LIBS='-L/data/data/com.termux/files/usr/lib -lxcb -lxcb-xkb -lxcb-xinerama -lxcb-randr'
pkg_cv_XCB_UTIL_CFLAGS='-I/data/data/com.termux/files/usr/include'
pkg_cv_XCB_UTIL_CURSOR_CFLAGS='-I/data/data/com.termux/files/usr/include'
pkg_cv_XCB_UTIL_CURSOR_LIBS='-L/data/data/com.termux/files/usr/lib -lxcb-cursor -lxcb'
pkg_cv_XCB_UTIL_KEYSYMS_CFLAGS='-I/data/data/com.termux/files/usr/include'
pkg_cv_XCB_UTIL_KEYSYMS_LIBS='-L/data/data/com.termux/files/usr/lib -lxcb-keysyms -lxcb'
pkg_cv_XCB_UTIL_LIBS='-L/data/data/com.termux/files/usr/lib -lxcb-util -lxcb'
pkg_cv_XCB_UTIL_WM_CFLAGS='-I/data/data/com.termux/files/usr/include'
pkg_cv_XCB_UTIL_WM_LIBS='-L/data/data/com.termux/files/usr/lib -lxcb-icccm -lxcb'
pkg_cv_XCB_UTIL_XRM_CFLAGS='-I/data/data/com.termux/files/usr/include'
pkg_cv_XCB_UTIL_XRM_LIBS='-L/data/data/com.termux/files/usr/lib -lxcb-xrm -lxcb'
pkg_cv_XKBCOMMON_CFLAGS='-I/data/data/com.termux/files/usr/include'
pkg_cv_XKBCOMMON_LIBS='-L/data/data/com.termux/files/usr/lib -lxkbcommon-x11 -lxkbcommon'
pkg_cv_YAJL_CFLAGS='-I/data/data/com.termux/files/usr/include/yajl'
pkg_cv_YAJL_LIBS='-L/data/data/com.termux/files/usr/lib -lyajl'

## ----------------- ##
## Output variables. ##
## ----------------- ##











	$(AM_V_at)$(MAKE) $(AM_MAKEFLAGS) code-coverage-capture
	$(code_coverage_v_genhtml)LANG=C $(GENHTML) $(code_coverage_quiet) $(addprefix --prefix ,$(CODE_COVERAGE_DIRECTORY)) --output-directory "$(CODE_COVERAGE_OUTPUT_DIRECTORY)" --title "$(PACKAGE_NAME)-$(PACKAGE_VERSION) Code Coverage" --legend --show-details "$(CODE_COVERAGE_OUTPUT_FILE)" $(CODE_COVERAGE_GENHTML_OPTIONS)
	$(code_coverage_v_lcov_cap)$(LCOV) $(code_coverage_quiet) $(addprefix --directory ,$(CODE_COVERAGE_DIRECTORY)) --capture --output-file "$(CODE_COVERAGE_OUTPUT_FILE).tmp" --test-name "$(call code_coverage_sanitize,$(PACKAGE_NAME)-$(PACKAGE_VERSION))" --no-checksum --compat-libtool $(CODE_COVERAGE_LCOV_SHOPTS) $(CODE_COVERAGE_LCOV_OPTIONS)
	$(code_coverage_v_lcov_ign)$(LCOV) $(code_coverage_quiet) $(addprefix --directory ,$(CODE_COVERAGE_DIRECTORY)) --remove "$(CODE_COVERAGE_OUTPUT_FILE).tmp" "/tmp/*" $(CODE_COVERAGE_IGNORE_PATTERN) --output-file "$(CODE_COVERAGE_OUTPUT_FILE)" $(CODE_COVERAGE_LCOV_SHOPTS) $(CODE_COVERAGE_LCOV_RMOPTS)
	-$(AM_V_at)$(MAKE) $(AM_MAKEFLAGS) -k check
	-$(LCOV) --directory $(top_builddir) -z
	-@rm -f $(CODE_COVERAGE_OUTPUT_FILE).tmp
	-find . -name "*.gcda" -o -name "*.gcov" -delete
	-rm -rf $(CODE_COVERAGE_OUTPUT_FILE) $(CODE_COVERAGE_OUTPUT_FILE).tmp $(CODE_COVERAGE_OUTPUT_DIRECTORY)
	@echo "Need to reconfigure with --enable-code-coverage"
	@echo "Need to reconfigure with --enable-code-coverage"
	@echo "file://$(abs_builddir)/$(CODE_COVERAGE_OUTPUT_DIRECTORY)/index.html"
 $(CODE_COVERAGE_IGNORE_PATTERN);
 $(CODE_COVERAGE_OUTPUT_FILE);
#
#
#    $(PACKAGE_NAME)-$(PACKAGE_VERSION)-coverage)
#    $(PACKAGE_NAME)-$(PACKAGE_VERSION)-coverage.info)
#    (Default: $(top_builddir))
#    (Default: empty)
#    Multiple directories may be specified, separated by whitespace.
#    by lcov for code coverage. (Default:
#    collecting lcov instance. (Default: $CODE_COVERAGE_LCOV_OPTIONS_GCOVPATH)
#    genhtml instance. (Default: based on $CODE_COVERAGE_BRANCH_COVERAGE)
#    instance. (Default: $CODE_COVERAGE_GENHTML_OPTIONS_DEFAULT)
#    instance. (Default: $CODE_COVERAGE_LCOV_OPTIONS_DEFAULT)
#    instance. (Default: $CODE_COVERAGE_LCOV_RMOPTS_DEFAULT)
#    instances. (Default: $CODE_COVERAGE_LCOV_SHOPTS_DEFAULT)
#    instances. (Default: based on $CODE_COVERAGE_BRANCH_COVERAGE)
#    lcov instance. (Default: empty)
#    reports to be created. (Default:
#    set to 0 to disable it and leave empty to stay with the default.
#  - CODE_COVERAGE_BRANCH_COVERAGE: Set to 1 to enforce branch coverage,
#  - CODE_COVERAGE_DIRECTORY: Top-level directory for code coverage reporting.
#  - CODE_COVERAGE_GENHTML_OPTIONS: Extra options to pass to the genhtml
#  - CODE_COVERAGE_GENHTML_OPTIONS_DEFAULT: Extra options to pass to the
#  - CODE_COVERAGE_IGNORE_PATTERN: Extra glob pattern of files to ignore
#  - CODE_COVERAGE_LCOV_OPTIONS: Extra options to pass to the collecting lcov
#  - CODE_COVERAGE_LCOV_OPTIONS_DEFAULT: Extra options to pass to the
#  - CODE_COVERAGE_LCOV_OPTIONS_GCOVPATH: --gcov-tool pathtogcov
#  - CODE_COVERAGE_LCOV_RMOPTS: Extra options to pass to the filtering lcov
#  - CODE_COVERAGE_LCOV_RMOPTS_DEFAULT: Extra options to pass to the filtering
#  - CODE_COVERAGE_LCOV_SHOPTS: Extra options to shared between both lcov
#  - CODE_COVERAGE_LCOV_SHOPTS_DEFAULT: Extra options shared between both lcov
#  - CODE_COVERAGE_OUTPUT_DIRECTORY: Directory for generated code coverage
#  - CODE_COVERAGE_OUTPUT_FILE: Filename and path for the .info file generated
# $(PACKAGE_VERSION). In order to add the current git hash to the title,
# Capture code coverage data
# Code coverage
# Hook rule executed before code-coverage-capture, overridable by the user
# Optional variables
# Optional:
# The generated report will be titled using the $(PACKAGE_NAME) and
# Use recursive makes in order to ignore errors during check
# sanitizes the test-name: replaces with underscores: dashes and dots
# use the git-version-gen script, available online.
$(if $(CODE_COVERAGE_BRANCH_COVERAGE),\
'
--rc genhtml_branch_coverage=$(CODE_COVERAGE_BRANCH_COVERAGE))
--rc lcov_branch_coverage=$(CODE_COVERAGE_BRANCH_COVERAGE))
.PHONY: check-code-coverage code-coverage-capture code-coverage-capture-hook code-coverage-clean
ACLOCAL='${SHELL} '\''/data/data/com.termux/files/home/env/i3/missing'\'' aclocal-1.18'
AMDEPBACKSLASH='\'
AMDEP_FALSE='#'
AMDEP_TRUE=''
AMTAR='$${TAR-tar}'
AM_BACKSLASH='\'
AM_CFLAGS=''
AM_DEFAULT_V=''
AM_DEFAULT_VERBOSITY='0'
AM_DISTCHECK_CONFIGURE_FLAGS += --disable-code-coverage
AM_DISTCHECK_CONFIGURE_FLAGS ?=
AM_V=''
AR='link -lib'
AUTOCONF='${SHELL} '\''/data/data/com.termux/files/home/env/i3/missing'\'' autoconf'
AUTOHEADER='${SHELL} '\''/data/data/com.termux/files/home/env/i3/missing'\'' autoheader'
AUTOMAKE='${SHELL} '\''/data/data/com.termux/files/home/env/i3/missing'\'' automake-1.18'
AWK='gawk'
AX_EXTEND_SRCDIR_CPPFLAGS='-DSTRIPPED__FILE__=\"$$(basename $<)\"'
BUILD_DOCS_FALSE=''
BUILD_DOCS_TRUE='#'
BUILD_MANS_FALSE=''
BUILD_MANS_TRUE='#'
CC='gcc'
CCDEPMODE='depmode=gcc3'
CFLAGS=''
CODE_COVERAGE_BRANCH_COVERAGE ?=
CODE_COVERAGE_CFLAGS=''
CODE_COVERAGE_CPPFLAGS=''
CODE_COVERAGE_CXXFLAGS=''
CODE_COVERAGE_DIRECTORY ?= $(top_builddir)
CODE_COVERAGE_ENABLED='no'
CODE_COVERAGE_ENABLED_FALSE=''
CODE_COVERAGE_ENABLED_TRUE='#'
CODE_COVERAGE_GENHTML_OPTIONS ?= $(CODE_COVERAGE_GENHTML_OPTIONS_DEFAULTS)
CODE_COVERAGE_GENHTML_OPTIONS_DEFAULT ?=\
CODE_COVERAGE_IGNORE_PATTERN ?=
CODE_COVERAGE_LCOV_OPTIONS ?= $(CODE_COVERAGE_LCOV_OPTIONS_DEFAULT)
CODE_COVERAGE_LCOV_OPTIONS_DEFAULT ?= $(CODE_COVERAGE_LCOV_OPTIONS_GCOVPATH)
CODE_COVERAGE_LCOV_OPTIONS_GCOVPATH ?= --gcov-tool "$(GCOV)"
CODE_COVERAGE_LCOV_RMOPTS ?= $(CODE_COVERAGE_LCOV_RMOPTS_DEFAULT)
CODE_COVERAGE_LCOV_RMOPTS_DEFAULT ?=
CODE_COVERAGE_LCOV_SHOPTS ?= $(CODE_COVERAGE_LCOV_SHOPTS_DEFAULT)
CODE_COVERAGE_LCOV_SHOPTS_DEFAULT ?= $(if $(CODE_COVERAGE_BRANCH_COVERAGE),\
CODE_COVERAGE_LDFLAGS=''
CODE_COVERAGE_OUTPUT_DIRECTORY ?= $(PACKAGE_NAME)-$(PACKAGE_VERSION)-coverage
CODE_COVERAGE_OUTPUT_FILE ?= $(PACKAGE_NAME)-$(PACKAGE_VERSION)-coverage.info
CODE_COVERAGE_RULES='
CPP='gcc -E'
CPPFLAGS=''
CSCOPE='cscope'
CTAGS='ctags'
CYGPATH_W='echo'
DEFS=''
DEPDIR='.deps'
ECHO_C=''
ECHO_N='-n'
ECHO_T=''
ETAGS='etags'
EXEEXT=''
GCOV=''
GENHTML=''
GITIGNOREFILES += $(CODE_COVERAGE_OUTPUT_FILE) $(CODE_COVERAGE_OUTPUT_DIRECTORY)
GITIGNOREFILES ?=
I3_VERSION='4.15 (2018-03-10, branch \"tags/4.15\")'
INSTALL_DATA='${INSTALL} -m 644'
INSTALL_PROGRAM='${INSTALL}'
INSTALL_SCRIPT='${INSTALL}'
INSTALL_STRIP_PROGRAM='$(install_sh) -c -s'
LCOV=''
LDFLAGS=''
LIBOBJS=''
LIBPCRE_CFLAGS='-I/data/data/com.termux/files/usr/include'
LIBPCRE_LIBS='-L/data/data/com.termux/files/usr/lib -lpcre'
LIBS='-lev -lm '
LIBSN_CFLAGS='-I/data/data/com.termux/files/usr/include/startup-notification-1.0'
LIBSN_LIBS='-L/data/data/com.termux/files/usr/lib -lstartup-notification-1'
LN_S='ln -s'
LTLIBOBJS=''
MAINT=''
MAINTAINER_MODE_FALSE='#'
MAINTAINER_MODE_TRUE=''
MAKEINFO='${SHELL} '\''/data/data/com.termux/files/home/env/i3/missing'\'' makeinfo'
MKDIR_P='/data/data/com.termux/files/usr/bin/mkdir -p'
OBJEXT='o'
PACKAGE='i3'
PACKAGE_BUGREPORT='https://github.com/i3/i3/issues'
PACKAGE_NAME='i3'
PACKAGE_STRING='i3 4.15'
PACKAGE_TARNAME='i3'
PACKAGE_URL=''
PACKAGE_VERSION='4.15'
PANGOCAIRO_CFLAGS='-pthread -I/data/data/com.termux/files/usr/include/pango-1.0 -I/data/data/com.termux/files/usr/include/harfbuzz -I/data/data/com.termux/files/usr/include/pango-1.0 -I/data/data/com.termux/files/usr/include -I/data/data/com.termux/files/usr/include/fribidi -I/data/data/com.termux/files/usr/include -I/data/data/com.termux/files/usr/include/harfbuzz -I/data/data/com.termux/files/usr/include/glib-2.0 -I/data/data/com.termux/files/usr/lib/glib-2.0/include -I/data/data/com.termux/files/usr/include -I/data/data/com.termux/files/usr/include/cairo -I/data/data/com.termux/files/usr/include -I/data/data/com.termux/files/usr/include/freetype2 -I/data/data/com.termux/files/usr/include/libpng16 -I/data/data/com.termux/files/usr/include -I/data/data/com.termux/files/usr/include/pixman-1'
PANGOCAIRO_LIBS='-L/data/data/com.termux/files/usr/lib -lpangocairo-1.0 -lpango-1.0 -lgobject-2.0 -lglib-2.0 -lharfbuzz -lcairo'
PATH_ASCIIDOC=''
PATH_POD2MAN='/data/data/com.termux/files/usr/bin/pod2man'
PATH_SEPARATOR=':'
PATH_XMLTO=''
PKG_CONFIG='/data/data/com.termux/files/usr/bin/pkg-config'
PKG_CONFIG_LIBDIR=''
PKG_CONFIG_PATH=''
PTHREAD_CC='gcc'
PTHREAD_CFLAGS='-pthread'
PTHREAD_LIBS=''
RANLIB=':'
SED='/data/data/com.termux/files/usr/bin/sed'
SET_MAKE=''
SHELL='/data/data/com.termux/files/usr/bin/sh'
STRIP=''
VERSION='4.15'
XCB_CFLAGS='-I/data/data/com.termux/files/usr/include'
XCB_LIBS='-L/data/data/com.termux/files/usr/lib -lxcb -lxcb-xkb -lxcb-xinerama -lxcb-randr'
XCB_UTIL_CFLAGS='-I/data/data/com.termux/files/usr/include'
XCB_UTIL_CURSOR_CFLAGS='-I/data/data/com.termux/files/usr/include'
XCB_UTIL_CURSOR_LIBS='-L/data/data/com.termux/files/usr/lib -lxcb-cursor -lxcb'
XCB_UTIL_KEYSYMS_CFLAGS='-I/data/data/com.termux/files/usr/include'
XCB_UTIL_KEYSYMS_LIBS='-L/data/data/com.termux/files/usr/lib -lxcb-keysyms -lxcb'
XCB_UTIL_LIBS='-L/data/data/com.termux/files/usr/lib -lxcb-util -lxcb'
XCB_UTIL_WM_CFLAGS='-I/data/data/com.termux/files/usr/include'
XCB_UTIL_WM_LIBS='-L/data/data/com.termux/files/usr/lib -lxcb-icccm -lxcb'
XCB_UTIL_XRM_CFLAGS='-I/data/data/com.termux/files/usr/include'
XCB_UTIL_XRM_LIBS='-L/data/data/com.termux/files/usr/lib -lxcb-xrm -lxcb'
XKBCOMMON_CFLAGS='-I/data/data/com.termux/files/usr/include'
XKBCOMMON_LIBS='-L/data/data/com.termux/files/usr/lib -lxkbcommon-x11 -lxkbcommon'
YAJL_CFLAGS='-I/data/data/com.termux/files/usr/include/yajl'
YAJL_LIBS='-L/data/data/com.termux/files/usr/lib -lyajl'
ac_ct_AR='link -lib'
ac_ct_CC='gcc'
am__EXEEXT_FALSE=''
am__EXEEXT_TRUE=''
am__fastdepCC_FALSE='#'
am__fastdepCC_TRUE=''
am__include='include'
am__isrc=' -I$(srcdir)'
am__leading_dot='.'
am__nodep='_no'
am__quote=''
am__rm_f_notfound=''
am__tar='tar --format=ustar -chf - "$$tardir"'
am__untar='tar -xf -'
am__xargs_n='xargs -n'
ax_enable_builddir_sed='sed'
ax_pthread_config=''
bindir='${exec_prefix}/bin'
build='aarch64-unknown-linux-android'
build_alias=''
build_cpu='aarch64'
build_os='linux-android'
build_vendor='unknown'
check-code-coverage:
clean: code-coverage-clean
code-coverage-capture-hook:
code-coverage-capture: code-coverage-capture-hook
code-coverage-clean:
code_coverage_quiet = $(code_coverage_quiet_$(V))
code_coverage_quiet_ = $(code_coverage_quiet_$(AM_DEFAULT_VERBOSITY))
code_coverage_quiet_0 = --quiet
code_coverage_sanitize = $(subst -,_,$(subst .,_,$(1)))
code_coverage_v_genhtml = $(code_coverage_v_genhtml_$(V))
code_coverage_v_genhtml_ = $(code_coverage_v_genhtml_$(AM_DEFAULT_VERBOSITY))
code_coverage_v_genhtml_0 = @echo "  GEN   " $(CODE_COVERAGE_OUTPUT_DIRECTORY);
code_coverage_v_lcov_cap = $(code_coverage_v_lcov_cap_$(V))
code_coverage_v_lcov_cap_ = $(code_coverage_v_lcov_cap_$(AM_DEFAULT_VERBOSITY))
code_coverage_v_lcov_cap_0 = @echo "  LCOV   --capture"\
code_coverage_v_lcov_ign = $(code_coverage_v_lcov_ign_$(V))
code_coverage_v_lcov_ign_ = $(code_coverage_v_lcov_ign_$(AM_DEFAULT_VERBOSITY))
code_coverage_v_lcov_ign_0 = @echo "  LCOV   --remove /tmp/*"\
datadir='${datarootdir}'
datarootdir='${prefix}/share'
docdir='${datarootdir}/doc/${PACKAGE_TARNAME}'
dvidir='${docdir}'
else
else
endif
endif
endif
exec_prefix='NONE'
host='aarch64-unknown-linux-android'
host_alias=''
host_cpu='aarch64'
host_os='linux-android'
host_vendor='unknown'
htmldir='${docdir}'
ifGNUmake=''
ifeq ($(CODE_COVERAGE_ENABLED),yes)
ifeq ($(CODE_COVERAGE_ENABLED),yes)
ifeq ($(CODE_COVERAGE_ENABLED),yes)
includedir='${prefix}/include'
infodir='${datarootdir}/info'
install_sh='${SHELL} /data/data/com.termux/files/home/env/i3/install-sh'
libdir='${exec_prefix}/lib'
libexecdir='${exec_prefix}/libexec'
localedir='${datarootdir}/locale'
localstatedir='${prefix}/var'
mandir='${datarootdir}/man'
mkdir_p='$(MKDIR_P)'
oldincludedir='/usr/include'
pdfdir='${docdir}'
prefix='/data/data/com.termux/files/home/.local'
program_transform_name='s,x,x,'
psdir='${docdir}'
runstatedir='${localstatedir}/run'
sbindir='${exec_prefix}/sbin'
sharedstatedir='${prefix}/com'
sysconfdir='${prefix}/etc'
target='aarch64-unknown-linux-android'
target_alias=''
target_cpu='aarch64'
target_os='linux-android'
target_vendor='unknown'

## ----------- ##
## confdefs.h. ##
## ----------- ##

/* confdefs.h */
#define PACKAGE_NAME "i3"
#define PACKAGE_TARNAME "i3"
#define PACKAGE_VERSION "4.15"
#define PACKAGE_STRING "i3 4.15"
#define PACKAGE_BUGREPORT "https://github.com/i3/i3/issues"
#define PACKAGE_URL ""
#define PACKAGE "i3"
#define VERSION "4.15"
#define I3_VERSION "4.15 (2018-03-10, branch \"tags/4.15\")"
#define MAJOR_VERSION 4
#define MINOR_VERSION 15
#define PATCH_VERSION 0
#define UNUSED_NDEBUG /**/
#define HAVE_STDIO_H 1
#define HAVE_STDLIB_H 1
#define HAVE_STRING_H 1
#define HAVE_INTTYPES_H 1
#define HAVE_STDINT_H 1
#define HAVE_STRINGS_H 1
#define HAVE_SYS_STAT_H 1
#define HAVE_SYS_TYPES_H 1
#define HAVE_UNISTD_H 1
#define HAVE_WCHAR_H 1
#define STDC_HEADERS 1
#define _ALL_SOURCE 1
#define _DARWIN_C_SOURCE 1
#define _GNU_SOURCE 1
#define _HPUX_ALT_XOPEN_SOCKET_API 1
#define _NETBSD_SOURCE 1
#define _OPENBSD_SOURCE 1
#define _POSIX_PTHREAD_SEMANTICS 1
#define __STDC_WANT_IEC_60559_ATTRIBS_EXT__ 1
#define __STDC_WANT_IEC_60559_BFP_EXT__ 1
#define __STDC_WANT_IEC_60559_DFP_EXT__ 1
#define __STDC_WANT_IEC_60559_EXT__ 1
#define __STDC_WANT_IEC_60559_FUNCS_EXT__ 1
#define __STDC_WANT_IEC_60559_TYPES_EXT__ 1
#define __STDC_WANT_LIB_EXT2__ 1
#define __STDC_WANT_MATH_SPEC_FUNCS__ 1
#define _TANDEM_SOURCE 1
#define __EXTENSIONS__ 1
#define HAVE__BOOL 1
#define HAVE_MODE_T 1
#define HAVE_OFF_T 1
#define HAVE_PID_T 1
#define HAVE_SIZE_T 1
#define HAVE_SSIZE_T 1
#define HAVE_FORK 1
#define HAVE_VFORK 1
#define HAVE_WORKING_VFORK 1
#define HAVE_WORKING_FORK 1
#define LSTAT_FOLLOWS_SLASHED_SYMLINK 1
#define HAVE_ATEXIT 1
#define HAVE_DUP2 1
#define HAVE_FTRUNCATE 1
#define HAVE_GETCWD 1
#define HAVE_GETTIMEOFDAY 1
#define HAVE_LOCALTIME_R 1
#define HAVE_MEMCHR 1
#define HAVE_MEMSET 1
#define HAVE_MKDIR 1
#define HAVE_RMDIR 1
#define HAVE_SETLOCALE 1
#define HAVE_SOCKET 1
#define HAVE_STRCASECMP 1
#define HAVE_STRCHR 1
#define HAVE_STRDUP 1
#define HAVE_STRERROR 1
#define HAVE_STRNCASECMP 1
#define HAVE_STRNDUP 1
#define HAVE_STRRCHR 1
#define HAVE_STRSPN 1
#define HAVE_STRSTR 1
#define HAVE_STRTOL 1
#define HAVE_STRTOUL 1
#define HAVE_PTHREAD_PRIO_INHERIT 1
#define HAVE_PTHREAD 1

configure: exit 1

## ---------------- ##
## Cache variables. ##
## ---------------- ##

ac_cv_build='aarch64-unknown-linux-android'
ac_cv_env_CC_set=''
ac_cv_env_CC_value=''
ac_cv_env_CFLAGS_set=''
ac_cv_env_CFLAGS_value=''
ac_cv_env_CPPFLAGS_set=''
ac_cv_env_CPPFLAGS_value=''
ac_cv_env_CPP_set=''
ac_cv_env_CPP_value=''
ac_cv_env_LDFLAGS_set=''
ac_cv_env_LDFLAGS_value=''
ac_cv_env_LIBPCRE_CFLAGS_set=''
ac_cv_env_LIBPCRE_CFLAGS_value=''
ac_cv_env_LIBPCRE_LIBS_set=''
ac_cv_env_LIBPCRE_LIBS_value=''
ac_cv_env_LIBSN_CFLAGS_set=''
ac_cv_env_LIBSN_CFLAGS_value=''
ac_cv_env_LIBSN_LIBS_set=''
ac_cv_env_LIBSN_LIBS_value=''
ac_cv_env_LIBS_set=''
ac_cv_env_LIBS_value=''
ac_cv_env_PANGOCAIRO_CFLAGS_set=''
ac_cv_env_PANGOCAIRO_CFLAGS_value=''
ac_cv_env_PANGOCAIRO_LIBS_set=''
ac_cv_env_PANGOCAIRO_LIBS_value=''
ac_cv_env_PKG_CONFIG_LIBDIR_set=''
ac_cv_env_PKG_CONFIG_LIBDIR_value=''
ac_cv_env_PKG_CONFIG_PATH_set=''
ac_cv_env_PKG_CONFIG_PATH_value=''
ac_cv_env_PKG_CONFIG_set=''
ac_cv_env_PKG_CONFIG_value=''
ac_cv_env_XCB_CFLAGS_set=''
ac_cv_env_XCB_CFLAGS_value=''
ac_cv_env_XCB_LIBS_set=''
ac_cv_env_XCB_LIBS_value=''
ac_cv_env_XCB_UTIL_CFLAGS_set=''
ac_cv_env_XCB_UTIL_CFLAGS_value=''
ac_cv_env_XCB_UTIL_CURSOR_CFLAGS_set=''
ac_cv_env_XCB_UTIL_CURSOR_CFLAGS_value=''
ac_cv_env_XCB_UTIL_CURSOR_LIBS_set=''
ac_cv_env_XCB_UTIL_CURSOR_LIBS_value=''
ac_cv_env_XCB_UTIL_KEYSYMS_CFLAGS_set=''
ac_cv_env_XCB_UTIL_KEYSYMS_CFLAGS_value=''
ac_cv_env_XCB_UTIL_KEYSYMS_LIBS_set=''
ac_cv_env_XCB_UTIL_KEYSYMS_LIBS_value=''
ac_cv_env_XCB_UTIL_LIBS_set=''
ac_cv_env_XCB_UTIL_LIBS_value=''
ac_cv_env_XCB_UTIL_WM_CFLAGS_set=''
ac_cv_env_XCB_UTIL_WM_CFLAGS_value=''
ac_cv_env_XCB_UTIL_WM_LIBS_set=''
ac_cv_env_XCB_UTIL_WM_LIBS_value=''
ac_cv_env_XCB_UTIL_XRM_CFLAGS_set=''
ac_cv_env_XCB_UTIL_XRM_CFLAGS_value=''
ac_cv_env_XCB_UTIL_XRM_LIBS_set=''
ac_cv_env_XCB_UTIL_XRM_LIBS_value=''
ac_cv_env_XKBCOMMON_CFLAGS_set=''
ac_cv_env_XKBCOMMON_CFLAGS_value=''
ac_cv_env_XKBCOMMON_LIBS_set=''
ac_cv_env_XKBCOMMON_LIBS_value=''
ac_cv_env_YAJL_CFLAGS_set=''
ac_cv_env_YAJL_CFLAGS_value=''
ac_cv_env_YAJL_LIBS_set=''
ac_cv_env_YAJL_LIBS_value=''
ac_cv_env_build_alias_set=''
ac_cv_env_build_alias_value=''
ac_cv_env_host_alias_set=''
ac_cv_env_host_alias_value=''
ac_cv_env_target_alias_set=''
ac_cv_env_target_alias_value=''
ac_cv_host='aarch64-unknown-linux-android'
ac_cv_target='aarch64-unknown-linux-android'

## ----------------- ##
## Output variables. ##
## ----------------- ##

ACLOCAL=''
AMDEPBACKSLASH=''
AMDEP_FALSE=''
AMDEP_TRUE=''
AMTAR=''
AM_BACKSLASH=''
AM_CFLAGS=''
AM_DEFAULT_V=''
AM_DEFAULT_VERBOSITY=''
AM_V=''
AR=''
AUTOCONF=''
AUTOHEADER=''
AUTOMAKE=''
AWK=''
AX_EXTEND_SRCDIR_CPPFLAGS=''
BUILD_DOCS_FALSE=''
BUILD_DOCS_TRUE=''
BUILD_MANS_FALSE=''
BUILD_MANS_TRUE=''
CC=''
CCDEPMODE=''
CFLAGS=''
CODE_COVERAGE_CFLAGS=''
CODE_COVERAGE_CPPFLAGS=''
CODE_COVERAGE_CXXFLAGS=''
CODE_COVERAGE_ENABLED=''
CODE_COVERAGE_ENABLED_FALSE=''
CODE_COVERAGE_ENABLED_TRUE=''
CODE_COVERAGE_LDFLAGS=''
CODE_COVERAGE_RULES=''
CPP=''
CPPFLAGS=''
CSCOPE=''
CTAGS=''
CYGPATH_W=''
DEFS=''
DEPDIR=''
ECHO_C=''
ECHO_N='-n'
ECHO_T=''
ETAGS=''
EXEEXT=''
GCOV=''
GENHTML=''
I3_VERSION=''
INSTALL_DATA=''
INSTALL_PROGRAM=''
INSTALL_SCRIPT=''
INSTALL_STRIP_PROGRAM=''
LCOV=''
LDFLAGS=''
LIBOBJS=''
LIBPCRE_CFLAGS=''
LIBPCRE_LIBS=''
LIBS=''
LIBSN_CFLAGS=''
LIBSN_LIBS=''
LN_S=''
LTLIBOBJS=''
MAINT=''
MAINTAINER_MODE_FALSE=''
MAINTAINER_MODE_TRUE=''
MAKEINFO=''
MKDIR_P=''
OBJEXT=''
PACKAGE=''
PACKAGE_BUGREPORT='https://github.com/i3/i3/issues'
PACKAGE_NAME='i3'
PACKAGE_STRING='i3 4.15'
PACKAGE_TARNAME='i3'
PACKAGE_URL=''
PACKAGE_VERSION='4.15'
PANGOCAIRO_CFLAGS=''
PANGOCAIRO_LIBS=''
PATH_ASCIIDOC=''
PATH_POD2MAN=''
PATH_SEPARATOR=':'
PATH_XMLTO=''
PKG_CONFIG=''
PKG_CONFIG_LIBDIR=''
PKG_CONFIG_PATH=''
PTHREAD_CC=''
PTHREAD_CFLAGS=''
PTHREAD_LIBS=''
RANLIB=''
SED=''
SET_MAKE=''
SHELL='/data/data/com.termux/files/usr/bin/sh'
STRIP=''
VERSION=''
XCB_CFLAGS=''
XCB_LIBS=''
XCB_UTIL_CFLAGS=''
XCB_UTIL_CURSOR_CFLAGS=''
XCB_UTIL_CURSOR_LIBS=''
XCB_UTIL_KEYSYMS_CFLAGS=''
XCB_UTIL_KEYSYMS_LIBS=''
XCB_UTIL_LIBS=''
XCB_UTIL_WM_CFLAGS=''
XCB_UTIL_WM_LIBS=''
XCB_UTIL_XRM_CFLAGS=''
XCB_UTIL_XRM_LIBS=''
XKBCOMMON_CFLAGS=''
XKBCOMMON_LIBS=''
YAJL_CFLAGS=''
YAJL_LIBS=''
ac_ct_AR=''
ac_ct_CC=''
am__EXEEXT_FALSE=''
am__EXEEXT_TRUE=''
am__fastdepCC_FALSE=''
am__fastdepCC_TRUE=''
am__include=''
am__isrc=''
am__leading_dot=''
am__nodep=''
am__quote=''
am__rm_f_notfound=''
am__tar=''
am__untar=''
am__xargs_n=''
ax_enable_builddir_sed=''
ax_pthread_config=''
bindir='${exec_prefix}/bin'
build='aarch64-unknown-linux-android'
build_alias=''
build_cpu='aarch64'
build_os='linux-android'
build_vendor='unknown'
datadir='${datarootdir}'
datarootdir='${prefix}/share'
docdir='${datarootdir}/doc/${PACKAGE_TARNAME}'
dvidir='${docdir}'
exec_prefix='NONE'
host='aarch64-unknown-linux-android'
host_alias=''
host_cpu='aarch64'
host_os='linux-android'
host_vendor='unknown'
htmldir='${docdir}'
ifGNUmake=''
includedir='${prefix}/include'
infodir='${datarootdir}/info'
install_sh=''
libdir='${exec_prefix}/lib'
libexecdir='${exec_prefix}/libexec'
localedir='${datarootdir}/locale'
localstatedir='${prefix}/var'
mandir='${datarootdir}/man'
mkdir_p=''
oldincludedir='/usr/include'
pdfdir='${docdir}'
prefix='/data/data/com.termux/files/home/.local'
program_transform_name='s,x,x,'
psdir='${docdir}'
runstatedir='${localstatedir}/run'
sbindir='${exec_prefix}/sbin'
sharedstatedir='${prefix}/com'
sysconfdir='${prefix}/etc'
target='aarch64-unknown-linux-android'
target_alias=''
target_cpu='aarch64'
target_os='linux-android'
target_vendor='unknown'

configure: exit 1
